Command line arguments: -disable-compute-shaders
UnityEngine.StackTraceUtility:ExtractStackTrace ()
Verse.Log:Message (string)
Verse.Root:CheckGlobalInit ()
Verse.Root:Start ()
Verse.Root_Entry:Start ()

RimWorld 1.6.4871 rev591
UnityEngine.StackTraceUtility:ExtractStackTrace ()
Verse.Log:Message (string)
RimWorld.VersionControl:LogVersionNumber ()
Verse.Root:CheckGlobalInit ()
Verse.Root:Start ()
Verse.Root_Entry:Start ()

Mod Realistic Humansounds HAR Patch dependency (Mlie.RealisticHumanSounds) needs to have <downloadUrl> and/or <steamWorkshopUrl> specified.
UnityEngine.StackTraceUtility:ExtractStackTrace ()
Verse.Log:Warning (string)
Verse.ModMetaData/ModMetaDataInternal:ValidateDependencies (bool)
Verse.ModMetaData:Init ()
Verse.ModMetaData:.ctor (Verse.Steam.WorkshopItem)
Verse.ModLister:RebuildModList ()
Verse.ModLister:.cctor ()
Verse.ModsConfig:.cctor ()
Verse.LoadedModManager:InitializeMods ()
Verse.LoadedModManager:LoadAllActiveMods (bool)
Verse.PlayDataLoader:DoPlayLoad ()
Verse.PlayDataLoader:LoadAllPlayData (bool)
Verse.Root/<>c:<Start>b__10_1 ()
Verse.LongEventHandler:RunEventFromAnotherThread (System.Action)
Verse.LongEventHandler/<>c:<UpdateCurrentAsynchronousEvent>b__28_0 ()
System.Threading.ThreadHelper:ThreadStart_Context (object)
System.Threading.ExecutionContext:RunInternal (System.Threading.ExecutionContext,System.Threading.ContextCallback,object,bool)
System.Threading.ExecutionContext:Run (System.Threading.ExecutionContext,System.Threading.ContextCallback,object,bool)
System.Threading.ExecutionContext:Run (System.Threading.ExecutionContext,System.Threading.ContextCallback,object)
System.Threading.ThreadHelper:ThreadStart ()

[HugsLib] version 12.0.0
UnityEngine.StackTraceUtility:ExtractStackTrace ()
Verse.Log:Message (string)
HugsLib.Utils.ModLogger:Message (string,object[])
HugsLib.HugsLibController:InitializeController ()
HugsLib.HugsLibController:EarlyInitialize (Verse.ModContentPack)
HugsLib.Core.HugsLibMod:.ctor (Verse.ModContentPack)
System.Reflection.RuntimeConstructorInfo:InternalInvoke (object,object[],bool)
System.Reflection.RuntimeConstructorInfo:DoInvoke (object,System.Reflection.BindingFlags,System.Reflection.Binder,object[],System.Globalization.CultureInfo)
System.Reflection.RuntimeConstructorInfo:Invoke (System.Reflection.BindingFlags,System.Reflection.Binder,object[],System.Globalization.CultureInfo)
System.RuntimeType:CreateInstanceImpl (System.Reflection.BindingFlags,System.Reflection.Binder,object[],System.Globalization.CultureInfo,object[],System.Threading.StackCrawlMark&)
System.Activator:CreateInstance (System.Type,System.Reflection.BindingFlags,System.Reflection.Binder,object[],System.Globalization.CultureInfo,object[])
System.Activator:CreateInstance (System.Type,object[])
Verse.LoadedModManager:CreateModClasses ()
Verse.LoadedModManager:LoadAllActiveMods (bool)
Verse.PlayDataLoader:DoPlayLoad ()
Verse.PlayDataLoader:LoadAllPlayData (bool)
Verse.Root/<>c:<Start>b__10_1 ()
Verse.LongEventHandler:RunEventFromAnotherThread (System.Action)
Verse.LongEventHandler/<>c:<UpdateCurrentAsynchronousEvent>b__28_0 ()
System.Threading.ThreadHelper:ThreadStart_Context (object)
System.Threading.ExecutionContext:RunInternal (System.Threading.ExecutionContext,System.Threading.ContextCallback,object,bool)
System.Threading.ExecutionContext:Run (System.Threading.ExecutionContext,System.Threading.ContextCallback,object,bool)
System.Threading.ExecutionContext:Run (System.Threading.ExecutionContext,System.Threading.ContextCallback,object)
System.Threading.ThreadHelper:ThreadStart ()

[HugsLib] early-initializing AllowTool
UnityEngine.StackTraceUtility:ExtractStackTrace ()
Verse.Log:Message (string)
HugsLib.Utils.ModLogger:Message (string,object[])
HugsLib.HugsLibController:EnumerateChildMods (bool)
HugsLib.HugsLibController:EarlyInitializeChildMods ()
HugsLib.HugsLibController:InitializeController ()
HugsLib.HugsLibController:EarlyInitialize (Verse.ModContentPack)
HugsLib.Core.HugsLibMod:.ctor (Verse.ModContentPack)
System.Reflection.RuntimeConstructorInfo:InternalInvoke (object,object[],bool)
System.Reflection.RuntimeConstructorInfo:DoInvoke (object,System.Reflection.BindingFlags,System.Reflection.Binder,object[],System.Globalization.CultureInfo)
System.Reflection.RuntimeConstructorInfo:Invoke (System.Reflection.BindingFlags,System.Reflection.Binder,object[],System.Globalization.CultureInfo)
System.RuntimeType:CreateInstanceImpl (System.Reflection.BindingFlags,System.Reflection.Binder,object[],System.Globalization.CultureInfo,object[],System.Threading.StackCrawlMark&)
System.Activator:CreateInstance (System.Type,System.Reflection.BindingFlags,System.Reflection.Binder,object[],System.Globalization.CultureInfo,object[])
System.Activator:CreateInstance (System.Type,object[])
Verse.LoadedModManager:CreateModClasses ()
Verse.LoadedModManager:LoadAllActiveMods (bool)
Verse.PlayDataLoader:DoPlayLoad ()
Verse.PlayDataLoader:LoadAllPlayData (bool)
Verse.Root/<>c:<Start>b__10_1 ()
Verse.LongEventHandler:RunEventFromAnotherThread (System.Action)
Verse.LongEventHandler/<>c:<UpdateCurrentAsynchronousEvent>b__28_0 ()
System.Threading.ThreadHelper:ThreadStart_Context (object)
System.Threading.ExecutionContext:RunInternal (System.Threading.ExecutionContext,System.Threading.ContextCallback,object,bool)
System.Threading.ExecutionContext:Run (System.Threading.ExecutionContext,System.Threading.ContextCallback,object,bool)
System.Threading.ExecutionContext:Run (System.Threading.ExecutionContext,System.Threading.ContextCallback,object)
System.Threading.ThreadHelper:ThreadStart ()

Failed to find RimWorld.PawnsArrivalModeDef named RRY_RandomDropThroughRoof. There are 14 defs of this type loaded.
UnityEngine.StackTraceUtility:ExtractStackTrace ()
Verse.Log:Error (string)
Verse.DefDatabase`1<RimWorld.PawnsArrivalModeDef>:GetNamed (string,bool)
Verse.GenDefDatabase:GetDef (System.Type,string,bool)
RimWorld.DefOfHelper:BindDefsFor (System.Type)
System.Threading.Tasks.Parallel/<>c__DisplayClass33_0`2<System.Type, object>:<ForEachWorker>b__0 (int)
System.Threading.Tasks.Parallel/<>c__DisplayClass19_0`1<object>:<ForWorker>b__1 (System.Threading.Tasks.RangeWorker&,int,bool&)
System.Threading.Tasks.TaskReplicator/Replica`1<System.Threading.Tasks.RangeWorker>:ExecuteAction (bool&)
System.Threading.Tasks.TaskReplicator/Replica:Execute ()
System.Threading.Tasks.TaskReplicator/Replica/<>c:<.ctor>b__4_0 (object)
System.Threading.Tasks.Task:InnerInvoke ()
System.Threading.Tasks.Task:Execute ()
System.Threading.Tasks.Task:ExecutionContextCallback (object)
System.Threading.ExecutionContext:RunInternal (System.Threading.ExecutionContext,System.Threading.ContextCallback,object,bool)
System.Threading.ExecutionContext:Run (System.Threading.ExecutionContext,System.Threading.ContextCallback,object,bool)
System.Threading.Tasks.Task:ExecuteWithThreadLocal (System.Threading.Tasks.Task&)
System.Threading.Tasks.Task:ExecuteEntry (bool)
System.Threading.Tasks.Task:System.Threading.IThreadPoolWorkItem.ExecuteWorkItem ()
System.Threading.ThreadPoolWorkQueue:Dispatch ()
System.Threading._ThreadPoolWaitCallback:PerformWaitCallback ()

Failed to find RimWorld.PawnsArrivalModeDef named RRY_DropThroughRoofNearPower. There are 14 defs of this type loaded.
UnityEngine.StackTraceUtility:ExtractStackTrace ()
Verse.Log:Error (string)
Verse.DefDatabase`1<RimWorld.PawnsArrivalModeDef>:GetNamed (string,bool)
Verse.GenDefDatabase:GetDef (System.Type,string,bool)
RimWorld.DefOfHelper:BindDefsFor (System.Type)
System.Threading.Tasks.Parallel/<>c__DisplayClass33_0`2<System.Type, object>:<ForEachWorker>b__0 (int)
System.Threading.Tasks.Parallel/<>c__DisplayClass19_0`1<object>:<ForWorker>b__1 (System.Threading.Tasks.RangeWorker&,int,bool&)
System.Threading.Tasks.TaskReplicator/Replica`1<System.Threading.Tasks.RangeWorker>:ExecuteAction (bool&)
System.Threading.Tasks.TaskReplicator/Replica:Execute ()
System.Threading.Tasks.TaskReplicator/Replica/<>c:<.ctor>b__4_0 (object)
System.Threading.Tasks.Task:InnerInvoke ()
System.Threading.Tasks.Task:Execute ()
System.Threading.Tasks.Task:ExecutionContextCallback (object)
System.Threading.ExecutionContext:RunInternal (System.Threading.ExecutionContext,System.Threading.ContextCallback,object,bool)
System.Threading.ExecutionContext:Run (System.Threading.ExecutionContext,System.Threading.ContextCallback,object,bool)
System.Threading.Tasks.Task:ExecuteWithThreadLocal (System.Threading.Tasks.Task&)
System.Threading.Tasks.Task:ExecuteEntry (bool)
System.Threading.Tasks.Task:System.Threading.IThreadPoolWorkItem.ExecuteWorkItem ()
System.Threading.ThreadPoolWorkQueue:Dispatch ()
System.Threading._ThreadPoolWaitCallback:PerformWaitCallback ()

Tried to load duplicate UnityEngine.Texture2D with path: FilesystemFile [D:\SteamLibrary\steamapps\common\RimWorld\Mods\AVP-Xenomorphs\Textures\Things\Addons\Blood_Marks\Xenomorph_Kills\Mark_Thrumbomorphkill_south.psd], Length 28603 and internal path: Things/Addons/Blood_Marks/Xenomorph_Kills/Mark_Thrumbomorphkill_south
UnityEngine.StackTraceUtility:ExtractStackTrace ()
Verse.Log:Warning (string)
Verse.ModContentHolder`1<UnityEngine.Texture2D>:ReloadAll (bool)
Verse.ModContentPack:ReloadContentInt (bool)
Verse.ModContentPack/<>c__DisplayClass56_0:<ReloadContent>b__0 ()
Verse.LongEventHandler:ExecuteToExecuteWhenFinished ()
Verse.LongEventHandler:UpdateCurrentAsynchronousEvent ()
Verse.LongEventHandler:LongEventsUpdate (bool&)
(wrapper dynamic-method) MonoMod.Utils.DynamicMethodDefinition:Verse.Root.Update_Patch1 (Verse.Root)
Verse.Root_Entry:Update ()

Texture TribalA has dimensions of 64 x 64, but its mask has 128 x 128. This is not supported, texture will be excluded from atlas
UnityEngine.StackTraceUtility:ExtractStackTrace ()
Verse.Log:Warning (string)
Verse.GlobalTextureAtlasManager:TryInsertStatic (Verse.TextureAtlasGroup,UnityEngine.Texture2D,UnityEngine.Texture2D)
Verse.Graphic_Single:TryInsertIntoAtlas (Verse.TextureAtlasGroup)
Verse.Graphic_RandomRotated:TryInsertIntoAtlas (Verse.TextureAtlasGroup)
Verse.ThingDef:<PostLoad>b__398_0 ()
Verse.LongEventHandler:ExecuteToExecuteWhenFinished ()
Verse.LongEventHandler:UpdateCurrentAsynchronousEvent ()
Verse.LongEventHandler:LongEventsUpdate (bool&)
(wrapper dynamic-method) MonoMod.Utils.DynamicMethodDefinition:Verse.Root.Update_Patch1 (Verse.Root)
Verse.Root_Entry:Update ()

Could not execute post-long-event action. Exception: System.NullReferenceException: Object reference not set to an instance of an object
[Ref 1D87C7A6]
  at Verse.ThingDef.<PostLoad>b__398_0 () [0x00046] in <61e4173561894da49d210260257b5097>:0 
  at Verse.LongEventHandler.ExecuteToExecuteWhenFinished () [0x0007c] in <61e4173561894da49d210260257b5097>:0 
UnityEngine.StackTraceUtility:ExtractStackTrace ()
Verse.Log:Error (string)
Verse.LongEventHandler:ExecuteToExecuteWhenFinished ()
Verse.LongEventHandler:UpdateCurrentAsynchronousEvent ()
Verse.LongEventHandler:LongEventsUpdate (bool&)
(wrapper dynamic-method) MonoMod.Utils.DynamicMethodDefinition:Verse.Root.Update_Patch1 (Verse.Root)
Verse.Root_Entry:Update ()

Could not execute post-long-event action. Exception: System.NullReferenceException: Object reference not set to an instance of an object
[Ref 1D87C7A6] Duplicate stacktrace, see ref for original
UnityEngine.StackTraceUtility:ExtractStackTrace ()
Verse.Log:Error (string)
Verse.LongEventHandler:ExecuteToExecuteWhenFinished ()
Verse.LongEventHandler:UpdateCurrentAsynchronousEvent ()
Verse.LongEventHandler:LongEventsUpdate (bool&)
(wrapper dynamic-method) MonoMod.Utils.DynamicMethodDefinition:Verse.Root.Update_Patch1 (Verse.Root)
Verse.Root_Entry:Update ()

RRY_Pawn_Xenomorph_Queen_Call SubSound RRY_Pawn_Xenomorph_Queen_Call_0 has no resolvedGrains.
UnityEngine.StackTraceUtility:ExtractStackTrace ()
Verse.Log:Error (string)
Verse.Sound.SubSoundDef:<ResolveReferences>b__37_0 ()
Verse.LongEventHandler:ExecuteToExecuteWhenFinished ()
Verse.LongEventHandler:UpdateCurrentAsynchronousEvent ()
Verse.LongEventHandler:LongEventsUpdate (bool&)
(wrapper dynamic-method) MonoMod.Utils.DynamicMethodDefinition:Verse.Root.Update_Patch1 (Verse.Root)
Verse.Root_Entry:Update ()

RRY_Pawn_Xenomorph_Normal_Wounded SubSound RRY_Pawn_Xenomorph_Normal_Wounded_0 has no resolvedGrains.
UnityEngine.StackTraceUtility:ExtractStackTrace ()
Verse.Log:Error (string)
Verse.Sound.SubSoundDef:<ResolveReferences>b__37_0 ()
Verse.LongEventHandler:ExecuteToExecuteWhenFinished ()
Verse.LongEventHandler:UpdateCurrentAsynchronousEvent ()
Verse.LongEventHandler:LongEventsUpdate (bool&)
(wrapper dynamic-method) MonoMod.Utils.DynamicMethodDefinition:Verse.Root.Update_Patch1 (Verse.Root)
Verse.Root_Entry:Update ()

RRY_Pawn_Xenomorph_Normal_Call SubSound RRY_Pawn_Xenomorph_Normal_Call_0 has no resolvedGrains.
UnityEngine.StackTraceUtility:ExtractStackTrace ()
Verse.Log:Error (string)
Verse.Sound.SubSoundDef:<ResolveReferences>b__37_0 ()
Verse.LongEventHandler:ExecuteToExecuteWhenFinished ()
Verse.LongEventHandler:UpdateCurrentAsynchronousEvent ()
Verse.LongEventHandler:LongEventsUpdate (bool&)
(wrapper dynamic-method) MonoMod.Utils.DynamicMethodDefinition:Verse.Root.Update_Patch1 (Verse.Root)
Verse.Root_Entry:Update ()

[AVP Xenomorphs] Patched Mineable.TrySpawnYield
UnityEngine.StackTraceUtility:ExtractStackTrace ()
Verse.Log:Message (string)
RRYautja.AvP_XenomorphMinePatch:.cctor ()
System.Runtime.CompilerServices.RuntimeHelpers:RunClassConstructor (System.RuntimeTypeHandle)
Verse.StaticConstructorOnStartupUtility:CallAll ()
Verse.PlayDataLoader/<>c:<DoPlayLoad>b__4_4 ()
Verse.LongEventHandler:ExecuteToExecuteWhenFinished ()
Verse.LongEventHandler:UpdateCurrentAsynchronousEvent ()
Verse.LongEventHandler:LongEventsUpdate (bool&)
(wrapper dynamic-method) MonoMod.Utils.DynamicMethodDefinition:Verse.Root.Update_Patch1 (Verse.Root)
Verse.Root_Entry:Update ()

Xenomorph Host System Loaded
161 Possible Hosts out of 331 Races detected: Race Setting init
UnityEngine.StackTraceUtility:ExtractStackTrace ()
Verse.Log:Message (string)
RRYautja.Xenomorph.XenomorphHostSystem:.cctor ()
System.Runtime.CompilerServices.RuntimeHelpers:RunClassConstructor (System.RuntimeTypeHandle)
Verse.StaticConstructorOnStartupUtility:CallAll ()
Verse.PlayDataLoader/<>c:<DoPlayLoad>b__4_4 ()
Verse.LongEventHandler:ExecuteToExecuteWhenFinished ()
Verse.LongEventHandler:UpdateCurrentAsynchronousEvent ()
Verse.LongEventHandler:LongEventsUpdate (bool&)
(wrapper dynamic-method) MonoMod.Utils.DynamicMethodDefinition:Verse.Root.Update_Patch1 (Verse.Root)
Verse.Root_Entry:Update ()

[CleaningAreaRelaunched] Loaded
UnityEngine.StackTraceUtility:ExtractStackTrace ()
Verse.Log:Message (string)
CleaningAreaRelaunched.CleaningAreaRelaunched_Loader:.cctor ()
System.Runtime.CompilerServices.RuntimeHelpers:RunClassConstructor (System.RuntimeTypeHandle)
Verse.StaticConstructorOnStartupUtility:CallAll ()
Verse.PlayDataLoader/<>c:<DoPlayLoad>b__4_4 ()
Verse.LongEventHandler:ExecuteToExecuteWhenFinished ()
Verse.LongEventHandler:UpdateCurrentAsynchronousEvent ()
Verse.LongEventHandler:LongEventsUpdate (bool&)
(wrapper dynamic-method) MonoMod.Utils.DynamicMethodDefinition:Verse.Root.Update_Patch1 (Verse.Root)
Verse.Root_Entry:Update ()

Alien race successfully completed 279 patches (50 pre, 82 post, 147 trans) with harmony.
UnityEngine.StackTraceUtility:ExtractStackTrace ()
Verse.Log:Message (string)
AlienRace.HarmonyPatches:.cctor () (at C:/Program Files (x86)/Steam/steamapps/common/RimWorld/Mods/AlienRaces/Source/AlienRace/AlienRace/HarmonyPatches.cs:407)
System.Runtime.CompilerServices.RuntimeHelpers:RunClassConstructor (System.RuntimeTypeHandle)
Verse.StaticConstructorOnStartupUtility:CallAll ()
Verse.PlayDataLoader/<>c:<DoPlayLoad>b__4_4 ()
Verse.LongEventHandler:ExecuteToExecuteWhenFinished ()
Verse.LongEventHandler:UpdateCurrentAsynchronousEvent ()
Verse.LongEventHandler:LongEventsUpdate (bool&)
(wrapper dynamic-method) MonoMod.Utils.DynamicMethodDefinition:Verse.Root.Update_Patch1 (Verse.Root)
Verse.Root_Entry:Update ()

(Research Tab Colors) Transpiler injected.
UnityEngine.StackTraceUtility:ExtractStackTrace ()
Verse.Log:Message (string)
ResearchTabColors.HarmonyPatches:MTWResearchListProjects_Transpiler (System.Collections.Generic.IEnumerable`1<HarmonyLib.CodeInstruction>)
System.Reflection.RuntimeMethodInfo:Invoke (object,System.Reflection.BindingFlags,System.Reflection.Binder,object[],System.Globalization.CultureInfo)
System.Reflection.MethodBase:Invoke (object,object[])
HarmonyLib.CodeTranspiler/<>c__DisplayClass11_0:<GetResult>b__0 (System.Reflection.MethodInfo)
System.Collections.Generic.List`1<System.Reflection.MethodInfo>:ForEach (System.Action`1<System.Reflection.MethodInfo>)
HarmonyLib.CodeTranspiler:GetResult (System.Reflection.Emit.ILGenerator,System.Reflection.MethodBase)
HarmonyLib.MethodBodyReader:FinalizeILCodes (System.Collections.Generic.List`1<System.Reflection.MethodInfo>,bool,bool&,bool&,System.Collections.Generic.List`1<System.Reflection.Emit.Label>)
HarmonyLib.MethodCopier:Finalize (bool,bool&,bool&,System.Collections.Generic.List`1<System.Reflection.Emit.Label>)
HarmonyLib.MethodCreator:CreateReplacement ()
HarmonyLib.PatchFunctions:UpdateWrapper (System.Reflection.MethodBase,HarmonyLib.PatchInfo)
HarmonyLib.PatchProcessor:Patch ()
HarmonyLib.Harmony:Patch (System.Reflection.MethodBase,HarmonyLib.HarmonyMethod,HarmonyLib.HarmonyMethod,HarmonyLib.HarmonyMethod,HarmonyLib.HarmonyMethod)
ResearchTabColors.HarmonyPatches:.cctor ()
System.Runtime.CompilerServices.RuntimeHelpers:RunClassConstructor (System.RuntimeTypeHandle)
Verse.StaticConstructorOnStartupUtility:CallAll ()
Verse.PlayDataLoader/<>c:<DoPlayLoad>b__4_4 ()
Verse.LongEventHandler:ExecuteToExecuteWhenFinished ()
Verse.LongEventHandler:UpdateCurrentAsynchronousEvent ()
Verse.LongEventHandler:LongEventsUpdate (bool&)
(wrapper dynamic-method) MonoMod.Utils.DynamicMethodDefinition:Verse.Root.Update_Patch1 (Verse.Root)
Verse.Root_Entry:Update ()

[com.ogliss.rimworld.mod.rryatuja.minepatch] Patches on methods annotated as Obsolete were detected by HugsLib: RimWorld.Mineable.TrySpawnYield
UnityEngine.StackTraceUtility:ExtractStackTrace ()
Verse.Log:Warning (string)
HugsLib.Utils.HarmonyUtility:LogObsoleteMethodPatchErrors ()
HugsLib.Utils.HarmonyUtility:LogHarmonyPatchIssueErrors ()
Verse.LongEventHandler:ExecuteToExecuteWhenFinished ()
Verse.LongEventHandler:UpdateCurrentAsynchronousEvent ()
Verse.LongEventHandler:LongEventsUpdate (bool&)
(wrapper dynamic-method) MonoMod.Utils.DynamicMethodDefinition:Verse.Root.Update_Patch1 (Verse.Root)
Verse.Root_Entry:Update ()

CharacterEditor v1.6.3 initializing...
UnityEngine.StackTraceUtility:ExtractStackTrace ()
Verse.Log:Message (string)
CharacterEditor.CEditor:.ctor ()
CharacterEditor.CEditor:OnMainMenuInit ()
(wrapper dynamic-method) MonoMod.Utils.DynamicMethodDefinition:RimWorld.MainMenuDrawer.Init_Patch1 ()
Verse.UIRoot_Entry:Init ()
Verse.Root:<Start>b__10_0 ()
Verse.LongEventHandler:UpdateCurrentSynchronousEvent (bool&)
Verse.LongEventHandler:LongEventsUpdate (bool&)
(wrapper dynamic-method) MonoMod.Utils.DynamicMethodDefinition:Verse.Root.Update_Patch1 (Verse.Root)
Verse.Root_Entry:Update ()

updating labels for english...
UnityEngine.StackTraceUtility:ExtractStackTrace ()
Verse.Log:Message (string)
CharacterEditor.Label:UpdateLabels ()
CharacterEditor.CEditor/ModOptions:ReInit ()
CharacterEditor.CEditor/ModOptions:.ctor ()
CharacterEditor.CEditor/ModData:CreateType (CharacterEditor.EType)
CharacterEditor.CEditor/ModData:Get<CharacterEditor.CEditor/ModOptions> (CharacterEditor.EType)
CharacterEditor.CEditor/ModData:.ctor ()
CharacterEditor.CEditor:.ctor ()
CharacterEditor.CEditor:OnMainMenuInit ()
(wrapper dynamic-method) MonoMod.Utils.DynamicMethodDefinition:RimWorld.MainMenuDrawer.Init_Patch1 ()
Verse.UIRoot_Entry:Init ()
Verse.Root:<Start>b__10_0 ()
Verse.LongEventHandler:UpdateCurrentSynchronousEvent (bool&)
Verse.LongEventHandler:LongEventsUpdate (bool&)
(wrapper dynamic-method) MonoMod.Utils.DynamicMethodDefinition:Verse.Root.Update_Patch1 (Verse.Root)
Verse.Root_Entry:Update ()

loading pawn slot content from file...
UnityEngine.StackTraceUtility:ExtractStackTrace ()
Verse.Log:Message (string)
CharacterEditor.CEditor/ModOptions:LoadSlots (string)
CharacterEditor.CEditor/ModOptions:ReInit ()
CharacterEditor.CEditor/ModOptions:.ctor ()
CharacterEditor.CEditor/ModData:CreateType (CharacterEditor.EType)
CharacterEditor.CEditor/ModData:Get<CharacterEditor.CEditor/ModOptions> (CharacterEditor.EType)
CharacterEditor.CEditor/ModData:.ctor ()
CharacterEditor.CEditor:.ctor ()
CharacterEditor.CEditor:OnMainMenuInit ()
(wrapper dynamic-method) MonoMod.Utils.DynamicMethodDefinition:RimWorld.MainMenuDrawer.Init_Patch1 ()
Verse.UIRoot_Entry:Init ()
Verse.Root:<Start>b__10_0 ()
Verse.LongEventHandler:UpdateCurrentSynchronousEvent (bool&)
Verse.LongEventHandler:LongEventsUpdate (bool&)
(wrapper dynamic-method) MonoMod.Utils.DynamicMethodDefinition:Verse.Root.Update_Patch1 (Verse.Root)
Verse.Root_Entry:Update ()

character editor instance created
UnityEngine.StackTraceUtility:ExtractStackTrace ()
Verse.Log:Message (string)
CharacterEditor.CEditor:.ctor ()
CharacterEditor.CEditor:OnMainMenuInit ()
(wrapper dynamic-method) MonoMod.Utils.DynamicMethodDefinition:RimWorld.MainMenuDrawer.Init_Patch1 ()
Verse.UIRoot_Entry:Init ()
Verse.Root:<Start>b__10_0 ()
Verse.LongEventHandler:UpdateCurrentSynchronousEvent (bool&)
Verse.LongEventHandler:LongEventsUpdate (bool&)
(wrapper dynamic-method) MonoMod.Utils.DynamicMethodDefinition:Verse.Root.Update_Patch1 (Verse.Root)
Verse.Root_Entry:Update ()

checking editor settings...
UnityEngine.StackTraceUtility:ExtractStackTrace ()
Verse.Log:Message (string)
CharacterEditor.CEditor/ModData:OnSettingsChanged (bool,bool)
CharacterEditor.CEditor:OnSettingsChanged (bool,bool)
CharacterEditor.CEditor:OnMainMenuInit ()
(wrapper dynamic-method) MonoMod.Utils.DynamicMethodDefinition:RimWorld.MainMenuDrawer.Init_Patch1 ()
Verse.UIRoot_Entry:Init ()
Verse.Root:<Start>b__10_0 ()
Verse.LongEventHandler:UpdateCurrentSynchronousEvent (bool&)
Verse.LongEventHandler:LongEventsUpdate (bool&)
(wrapper dynamic-method) MonoMod.Utils.DynamicMethodDefinition:Verse.Root.Update_Patch1 (Verse.Root)
Verse.Root_Entry:Update ()

bodysizes genes are active
UnityEngine.StackTraceUtility:ExtractStackTrace ()
Verse.Log:Message (string)
CharacterEditor.GeneTool:EnDisableBodySizeGenes ()
CharacterEditor.CEditor/ModData:OnSettingsChanged (bool,bool)
CharacterEditor.CEditor:OnSettingsChanged (bool,bool)
CharacterEditor.CEditor:OnMainMenuInit ()
(wrapper dynamic-method) MonoMod.Utils.DynamicMethodDefinition:RimWorld.MainMenuDrawer.Init_Patch1 ()
Verse.UIRoot_Entry:Init ()
Verse.Root:<Start>b__10_0 ()
Verse.LongEventHandler:UpdateCurrentSynchronousEvent (bool&)
Verse.LongEventHandler:LongEventsUpdate (bool&)
(wrapper dynamic-method) MonoMod.Utils.DynamicMethodDefinition:Verse.Root.Update_Patch1 (Verse.Root)
Verse.Root_Entry:Update ()

CharacterEditor v1.6.3 ...done
UnityEngine.StackTraceUtility:ExtractStackTrace ()
Verse.Log:Message (string)
CharacterEditor.CEditor:OnMainMenuInit ()
(wrapper dynamic-method) MonoMod.Utils.DynamicMethodDefinition:RimWorld.MainMenuDrawer.Init_Patch1 ()
Verse.UIRoot_Entry:Init ()
Verse.Root:<Start>b__10_0 ()
Verse.LongEventHandler:UpdateCurrentSynchronousEvent (bool&)
Verse.LongEventHandler:LongEventsUpdate (bool&)
(wrapper dynamic-method) MonoMod.Utils.DynamicMethodDefinition:Verse.Root.Update_Patch1 (Verse.Root)
Verse.Root_Entry:Update ()

ResearchPal :: Research layout initialized
UnityEngine.StackTraceUtility:ExtractStackTrace ()
Verse.Log:Message (string)
ResearchPal.Log:Message (string,object[])
ResearchPal.Tree:InitializeLayout ()
Verse.LongEventHandler:UpdateCurrentSynchronousEvent (bool&)
Verse.LongEventHandler:LongEventsUpdate (bool&)
(wrapper dynamic-method) MonoMod.Utils.DynamicMethodDefinition:Verse.Root.Update_Patch1 (Verse.Root)
Verse.Root_Entry:Update ()

CE is trying to create default parameter lists ...
UnityEngine.StackTraceUtility:ExtractStackTrace ()
Verse.Log:Message (string)
CharacterEditor.CEditor/ModOptions:CreateDefaultLists ()
CharacterEditor.CEditor:OnMainMenuOnGUI ()
(wrapper dynamic-method) MonoMod.Utils.DynamicMethodDefinition:RimWorld.MainMenuDrawer.MainMenuOnGUI_Patch1 ()
(wrapper dynamic-method) MonoMod.Utils.DynamicMethodDefinition:Verse.UIRoot_Entry.DoMainMenu_Patch1 (Verse.UIRoot_Entry)
Verse.UIRoot_Entry:UIRootOnGUI ()
(wrapper dynamic-method) MonoMod.Utils.DynamicMethodDefinition:Verse.Root.OnGUI_Patch1 (Verse.Root)

creating default parameter list for genes...
UnityEngine.StackTraceUtility:ExtractStackTrace ()
Verse.Log:Message (string)
CharacterEditor.CEditor/ModData:CreateType (CharacterEditor.EType)
CharacterEditor.CEditor/ModData:Get<System.Collections.Generic.Dictionary`2<string, CharacterEditor.PresetGene>> (CharacterEditor.EType)
CharacterEditor.CEditor:Get<System.Collections.Generic.Dictionary`2<string, CharacterEditor.PresetGene>> (CharacterEditor.EType)
CharacterEditor.CEditor/ModOptions:CreateDefaultLists ()
CharacterEditor.CEditor:OnMainMenuOnGUI ()
(wrapper dynamic-method) MonoMod.Utils.DynamicMethodDefinition:RimWorld.MainMenuDrawer.MainMenuOnGUI_Patch1 ()
(wrapper dynamic-method) MonoMod.Utils.DynamicMethodDefinition:Verse.UIRoot_Entry.DoMainMenu_Patch1 (Verse.UIRoot_Entry)
Verse.UIRoot_Entry:UIRootOnGUI ()
(wrapper dynamic-method) MonoMod.Utils.DynamicMethodDefinition:Verse.Root.OnGUI_Patch1 (Verse.Root)

426 default entities for genes created
UnityEngine.StackTraceUtility:ExtractStackTrace ()
Verse.Log:Message (string)
CharacterEditor.Preset:CreateDefaults<CharacterEditor.PresetGene, Verse.GeneDef> (System.Collections.Generic.HashSet`1<Verse.GeneDef>,System.Func`2<Verse.GeneDef, string>,System.Func`2<Verse.GeneDef, CharacterEditor.PresetGene>,string)
CharacterEditor.PresetGene:CreateDefaults ()
CharacterEditor.CEditor/ModData:CreateType (CharacterEditor.EType)
CharacterEditor.CEditor/ModData:Get<System.Collections.Generic.Dictionary`2<string, CharacterEditor.PresetGene>> (CharacterEditor.EType)
CharacterEditor.CEditor:Get<System.Collections.Generic.Dictionary`2<string, CharacterEditor.PresetGene>> (CharacterEditor.EType)
CharacterEditor.CEditor/ModOptions:CreateDefaultLists ()
CharacterEditor.CEditor:OnMainMenuOnGUI ()
(wrapper dynamic-method) MonoMod.Utils.DynamicMethodDefinition:RimWorld.MainMenuDrawer.MainMenuOnGUI_Patch1 ()
(wrapper dynamic-method) MonoMod.Utils.DynamicMethodDefinition:Verse.UIRoot_Entry.DoMainMenu_Patch1 (Verse.UIRoot_Entry)
Verse.UIRoot_Entry:UIRootOnGUI ()
(wrapper dynamic-method) MonoMod.Utils.DynamicMethodDefinition:Verse.Root.OnGUI_Patch1 (Verse.Root)

creating default parameter list for objects...
UnityEngine.StackTraceUtility:ExtractStackTrace ()
Verse.Log:Message (string)
CharacterEditor.CEditor/ModData:CreateType (CharacterEditor.EType)
CharacterEditor.CEditor/ModData:Get<System.Collections.Generic.Dictionary`2<string, CharacterEditor.PresetObject>> (CharacterEditor.EType)
CharacterEditor.CEditor:Get<System.Collections.Generic.Dictionary`2<string, CharacterEditor.PresetObject>> (CharacterEditor.EType)
CharacterEditor.CEditor/ModOptions:CreateDefaultLists ()
CharacterEditor.CEditor:OnMainMenuOnGUI ()
(wrapper dynamic-method) MonoMod.Utils.DynamicMethodDefinition:RimWorld.MainMenuDrawer.MainMenuOnGUI_Patch1 ()
(wrapper dynamic-method) MonoMod.Utils.DynamicMethodDefinition:Verse.UIRoot_Entry.DoMainMenu_Patch1 (Verse.UIRoot_Entry)
Verse.UIRoot_Entry:UIRootOnGUI ()
(wrapper dynamic-method) MonoMod.Utils.DynamicMethodDefinition:Verse.Root.OnGUI_Patch1 (Verse.Root)

1683 default entities for objects created
UnityEngine.StackTraceUtility:ExtractStackTrace ()
Verse.Log:Message (string)
CharacterEditor.Preset:CreateDefaults<CharacterEditor.PresetObject, Verse.ThingDef> (System.Collections.Generic.HashSet`1<Verse.ThingDef>,System.Func`2<Verse.ThingDef, string>,System.Func`2<Verse.ThingDef, CharacterEditor.PresetObject>,string)
CharacterEditor.PresetObject:CreateDefaultObjects ()
CharacterEditor.CEditor/ModData:CreateType (CharacterEditor.EType)
CharacterEditor.CEditor/ModData:Get<System.Collections.Generic.Dictionary`2<string, CharacterEditor.PresetObject>> (CharacterEditor.EType)
CharacterEditor.CEditor:Get<System.Collections.Generic.Dictionary`2<string, CharacterEditor.PresetObject>> (CharacterEditor.EType)
CharacterEditor.CEditor/ModOptions:CreateDefaultLists ()
CharacterEditor.CEditor:OnMainMenuOnGUI ()
(wrapper dynamic-method) MonoMod.Utils.DynamicMethodDefinition:RimWorld.MainMenuDrawer.MainMenuOnGUI_Patch1 ()
(wrapper dynamic-method) MonoMod.Utils.DynamicMethodDefinition:Verse.UIRoot_Entry.DoMainMenu_Patch1 (Verse.UIRoot_Entry)
Verse.UIRoot_Entry:UIRootOnGUI ()
(wrapper dynamic-method) MonoMod.Utils.DynamicMethodDefinition:Verse.Root.OnGUI_Patch1 (Verse.Root)

creating default parameter list for turrets...
UnityEngine.StackTraceUtility:ExtractStackTrace ()
Verse.Log:Message (string)
CharacterEditor.CEditor/ModData:CreateType (CharacterEditor.EType)
CharacterEditor.CEditor/ModData:Get<System.Collections.Generic.Dictionary`2<string, CharacterEditor.PresetObject>> (CharacterEditor.EType)
CharacterEditor.CEditor:Get<System.Collections.Generic.Dictionary`2<string, CharacterEditor.PresetObject>> (CharacterEditor.EType)
CharacterEditor.CEditor/ModOptions:CreateDefaultLists ()
CharacterEditor.CEditor:OnMainMenuOnGUI ()
(wrapper dynamic-method) MonoMod.Utils.DynamicMethodDefinition:RimWorld.MainMenuDrawer.MainMenuOnGUI_Patch1 ()
(wrapper dynamic-method) MonoMod.Utils.DynamicMethodDefinition:Verse.UIRoot_Entry.DoMainMenu_Patch1 (Verse.UIRoot_Entry)
Verse.UIRoot_Entry:UIRootOnGUI ()
(wrapper dynamic-method) MonoMod.Utils.DynamicMethodDefinition:Verse.Root.OnGUI_Patch1 (Verse.Root)

12 default entities for turrets created
UnityEngine.StackTraceUtility:ExtractStackTrace ()
Verse.Log:Message (string)
CharacterEditor.Preset:CreateDefaults<CharacterEditor.PresetObject, Verse.ThingDef> (System.Collections.Generic.HashSet`1<Verse.ThingDef>,System.Func`2<Verse.ThingDef, string>,System.Func`2<Verse.ThingDef, CharacterEditor.PresetObject>,string)
CharacterEditor.PresetObject:CreateDefaultTurrets ()
CharacterEditor.CEditor/ModData:CreateType (CharacterEditor.EType)
CharacterEditor.CEditor/ModData:Get<System.Collections.Generic.Dictionary`2<string, CharacterEditor.PresetObject>> (CharacterEditor.EType)
CharacterEditor.CEditor:Get<System.Collections.Generic.Dictionary`2<string, CharacterEditor.PresetObject>> (CharacterEditor.EType)
CharacterEditor.CEditor/ModOptions:CreateDefaultLists ()
CharacterEditor.CEditor:OnMainMenuOnGUI ()
(wrapper dynamic-method) MonoMod.Utils.DynamicMethodDefinition:RimWorld.MainMenuDrawer.MainMenuOnGUI_Patch1 ()
(wrapper dynamic-method) MonoMod.Utils.DynamicMethodDefinition:Verse.UIRoot_Entry.DoMainMenu_Patch1 (Verse.UIRoot_Entry)
Verse.UIRoot_Entry:UIRootOnGUI ()
(wrapper dynamic-method) MonoMod.Utils.DynamicMethodDefinition:Verse.Root.OnGUI_Patch1 (Verse.Root)

...lists created
UnityEngine.StackTraceUtility:ExtractStackTrace ()
Verse.Log:Message (string)
CharacterEditor.CEditor/ModOptions:CreateDefaultLists ()
CharacterEditor.CEditor:OnMainMenuOnGUI ()
(wrapper dynamic-method) MonoMod.Utils.DynamicMethodDefinition:RimWorld.MainMenuDrawer.MainMenuOnGUI_Patch1 ()
(wrapper dynamic-method) MonoMod.Utils.DynamicMethodDefinition:Verse.UIRoot_Entry.DoMainMenu_Patch1 (Verse.UIRoot_Entry)
Verse.UIRoot_Entry:UIRootOnGUI ()
(wrapper dynamic-method) MonoMod.Utils.DynamicMethodDefinition:Verse.Root.OnGUI_Patch1 (Verse.Root)

CE is trying to apply modified parameters...
UnityEngine.StackTraceUtility:ExtractStackTrace ()
Verse.Log:Message (string)
CharacterEditor.CEditor/ModOptions:UpdatingCustoms ()
CharacterEditor.CEditor:OnMainMenuOnGUI ()
(wrapper dynamic-method) MonoMod.Utils.DynamicMethodDefinition:RimWorld.MainMenuDrawer.MainMenuOnGUI_Patch1 ()
(wrapper dynamic-method) MonoMod.Utils.DynamicMethodDefinition:Verse.UIRoot_Entry.DoMainMenu_Patch1 (Verse.UIRoot_Entry)
Verse.UIRoot_Entry:UIRootOnGUI ()
(wrapper dynamic-method) MonoMod.Utils.DynamicMethodDefinition:Verse.Root.OnGUI_Patch1 (Verse.Root)

no modifications for genes
UnityEngine.StackTraceUtility:ExtractStackTrace ()
Verse.Log:Message (string)
CharacterEditor.Preset:LoadAllModifications (string,System.Action`1<string>,string)
CharacterEditor.PresetGene:LoadAllModifications (string)
CharacterEditor.CEditor/ModOptions:UpdatingCustoms ()
CharacterEditor.CEditor:OnMainMenuOnGUI ()
(wrapper dynamic-method) MonoMod.Utils.DynamicMethodDefinition:RimWorld.MainMenuDrawer.MainMenuOnGUI_Patch1 ()
(wrapper dynamic-method) MonoMod.Utils.DynamicMethodDefinition:Verse.UIRoot_Entry.DoMainMenu_Patch1 (Verse.UIRoot_Entry)
Verse.UIRoot_Entry:UIRootOnGUI ()
(wrapper dynamic-method) MonoMod.Utils.DynamicMethodDefinition:Verse.Root.OnGUI_Patch1 (Verse.Root)

no modifications for lifestages
UnityEngine.StackTraceUtility:ExtractStackTrace ()
Verse.Log:Message (string)
CharacterEditor.Preset:LoadAllModifications (string,System.Action`1<string>,string)
CharacterEditor.PresetLifeStage:LoadAllModifications (string)
CharacterEditor.CEditor/ModOptions:UpdatingCustoms ()
CharacterEditor.CEditor:OnMainMenuOnGUI ()
(wrapper dynamic-method) MonoMod.Utils.DynamicMethodDefinition:RimWorld.MainMenuDrawer.MainMenuOnGUI_Patch1 ()
(wrapper dynamic-method) MonoMod.Utils.DynamicMethodDefinition:Verse.UIRoot_Entry.DoMainMenu_Patch1 (Verse.UIRoot_Entry)
Verse.UIRoot_Entry:UIRootOnGUI ()
(wrapper dynamic-method) MonoMod.Utils.DynamicMethodDefinition:Verse.Root.OnGUI_Patch1 (Verse.Root)

...done
UnityEngine.StackTraceUtility:ExtractStackTrace ()
Verse.Log:Message (string)
CharacterEditor.CEditor/ModOptions:UpdatingCustoms ()
CharacterEditor.CEditor:OnMainMenuOnGUI ()
(wrapper dynamic-method) MonoMod.Utils.DynamicMethodDefinition:RimWorld.MainMenuDrawer.MainMenuOnGUI_Patch1 ()
(wrapper dynamic-method) MonoMod.Utils.DynamicMethodDefinition:Verse.UIRoot_Entry.DoMainMenu_Patch1 (Verse.UIRoot_Entry)
Verse.UIRoot_Entry:UIRootOnGUI ()
(wrapper dynamic-method) MonoMod.Utils.DynamicMethodDefinition:Verse.Root.OnGUI_Patch1 (Verse.Root)
