Mono path[0] = 'D:/SteamLibrary/steamapps/common/RimWorld/RimWorldWin64_Data/Managed'
Mono config path = 'D:/SteamLibrary/steamapps/common/RimWorld/MonoBleedingEdge/etc'
[PhysX] Initialized MultithreadedTaskDispatcher with 12 workers.
Initialize engine version: 2022.3.35f1 (011206c7a712)
[Subsystems] Discovering subsystems at path D:/SteamLibrary/steamapps/common/RimWorld/RimWorldWin64_Data/UnitySubsystems
GfxDevice: creating device client; threaded=1; jobified=0
Direct3D:
    Version:  Direct3D 11.0 [level 11.1]
    Renderer: NVIDIA GeForce RTX 3050 (ID=0x2507)
    Vendor:   NVIDIA
    VRAM:     8042 MB
    Driver:   32.0.16.1088
Begin MonoManager ReloadAssembly
- Loaded All Assemblies, in  0.151 seconds
- Finished resetting the current domain, in  0.001 seconds
<RI> Initializing input.

<RI> Input initialized.

<RI> Initialized touch support.

[PhysX] Initialized MultithreadedTaskDispatcher with 12 workers.
UnloadTime: 0.596300 ms
Command line arguments: -disable-compute-shaders
RimWorld 1.6.4871 rev591
Mod Realistic Humansounds HAR Patch dependency (Mlie.RealisticHumanSounds) needs to have <downloadUrl> and/or <steamWorkshopUrl> specified.
Fallback handler could not load library D:/SteamLibrary/steamapps/common/RimWorld/RimWorldWin64_Data/MonoBleedingEdge/data-0000025272063200.dll
Fallback handler could not load library D:/SteamLibrary/steamapps/common/RimWorld/RimWorldWin64_Data/MonoBleedingEdge/data-000002527214A200.dll
[Loading Progress] Loading Progress initialized! Enjoy the rest of your loading experience!
[HugsLib] version 12.0.0
[HugsLib] early-initializing AllowTool
Fallback handler could not load library D:/SteamLibrary/steamapps/common/RimWorld/RimWorldWin64_Data/MonoBleedingEdge/data-0000025240F1A6F0.dll
DubsMintMenus v1.3.1086
[Analyzer] Loaded version 1.6.0 rev 1
[Analyzer] ResearchTree
FPSStabilizer v1.1 loaded, patcher message: Patched successfully, fps set to 60
Fallback handler could not load library D:/SteamLibrary/steamapps/common/RimWorld/RimWorldWin64_Data/MonoBleedingEdge/data-000002527906DDA0.dll
<color=#66ffb5>[MeleeAnim]</color> Hello, world!
Build date: 4/13/2026 8:02 AM
Loaded assemblies (9):
0BetterFloatMenu, Version=16.0.0.0, Culture=neutral, PublicKeyToken=null,
0ColourPicker, Version=1.0.0.0, Culture=neutral, PublicKeyToken=null,
AMRetextureSupport, Version=0.0.0.0, Culture=neutral, PublicKeyToken=null,
Meta.Numerics, Version=3.1.0.0, Culture=neutral, PublicKeyToken=67d25c65a6631347,
ModRequestAPI, Version=1.0.0.0, Culture=neutral, PublicKeyToken=null,
ModRequestAPI.Models, Version=1.0.0.0, Culture=neutral, PublicKeyToken=null,
Unity.Newtonsoft.Json, Version=7.0.0.0, Culture=neutral, PublicKeyToken=null,
zAnimationMod, Version=1.0.0.0, Culture=neutral, PublicKeyToken=null,
AM.AlienRacesPatch, Version=0.0.0.0, Culture=neutral, PublicKeyToken=null
<color=#66ffb5>[MeleeAnim]</color> Scanning 85 mods for animation data...
<color=#66ffb5>[MeleeAnim]</color> Found 1 mod folders with animation data, total 69 loadable files.
<color=#66ffb5>[MeleeAnim]</color> <color=#ffa8fc>[Alien Races Patch]</color> Loaded alien races patch!
RimSaves NX rev27
[SafePatcher]The xPath: "Defs/ThingDef[defName="Gun_NestMMG"]" not found
[SafePatcher]The xPath: "Defs/ThingDef[defName="Gun_NestMissile"]" not found
Could not find a type named RimWorld.PawnsArrivalModeWorker_DropPod
[Def Error]: RRY_DropThroughRoofNearPower
AVP Xenomorphs\Defs\Misc\PawnsArrivalModeDefs\PawnsArrivalModes.xml
Could not find a type named RimWorld.PawnsArrivalModeWorker_DropPod
[Def Error]: RRY_RandomDropThroughRoof
AVP Xenomorphs\Defs\Misc\PawnsArrivalModeDefs\PawnsArrivalModes.xml
Tried to load duplicate UnityEngine.Texture2D with path: FilesystemFile [D:\SteamLibrary\steamapps\common\RimWorld\Mods\AVP-Xenomorphs\Textures\Things\Addons\Blood_Marks\Xenomorph_Kills\Mark_Thrumbomorphkill_south.psd], Length 28603 and internal path: Things/Addons/Blood_Marks/Xenomorph_Kills/Mark_Thrumbomorphkill_south
Texture TribalA has dimensions of 64 x 64, but its mask has 128 x 128. This is not supported, texture will be excluded from atlas
Could not execute post-long-event action. Exception: System.NullReferenceException: Object reference not set to an instance of an object
[Ref 282A3C73]
  at Verse.ThingDef.<PostLoad>b__398_0 () [0x00046] in <61e4173561894da49d210260257b5097>:0 
  at ilyvion.LoadingProgress.LongEventHandler_ExecuteToExecuteWhenFinished_Patches+<ExecuteToExecuteWhenFinished>d__3.MoveNext () [0x00590] in /home/runner/work/loading-progress/loading-progress/Source/ilyvion.LoadingProgress/LongEventHandler_ExecuteToExecuteWhenFinished_Patches.cs:263 
Could not execute post-long-event action. Exception: System.NullReferenceException: Object reference not set to an instance of an object
[Ref 282A3C73] Duplicate stacktrace, see ref for original
Could not execute post-long-event action. Exception: System.NullReferenceException: Object reference not set to an instance of an object
[Ref D931580]
  at AlienRace.ThingDef_AlienRace.<ResolveReferences>b__1_1 () [0x00037] in C:\Program Files (x86)\Steam\steamapps\common\RimWorld\Mods\AlienRaces\Source\AlienRace\AlienRace\ThingDef_AlienRace.cs:282 
  at ilyvion.LoadingProgress.LongEventHandler_ExecuteToExecuteWhenFinished_Patches+<ExecuteToExecuteWhenFinished>d__3.MoveNext () [0x00590] in /home/runner/work/loading-progress/loading-progress/Source/ilyvion.LoadingProgress/LongEventHandler_ExecuteToExecuteWhenFinished_Patches.cs:263 
Translation data for language English has 4 errors. Generate translation report for more info.
[AVP Xenomorphs] [AVP Xenomorphs] Patched Mineable.TrySpawnYield
Xenomorph Host System Loaded
158 Possible Hosts out of 339 Races detected: Race Setting init
[CleaningAreaRelaunched] Loaded
Alien race successfully completed 280 patches (50 pre, 82 post, 148 trans) with harmony.
Damage Indicators initialized.
KCSG has Created 7615 symbolDefs for vanilla and DLCs
Locks: Doors expanded found
Locks: SoS2 not found 
Locks version: 3.1.2 loaded.
[TrueTerrainColors v1.12.26] Loaded cached true colors for 765 terrain defs from file.
Mines 2.0 -> RecipeDef named MinesAutomated_RecipeDef_MineableSteel added to the mine.
Mines 2.0 -> RecipeDef named MinesAutomated_RecipeDef_MineableComponentsIndustrial added to the mine.
Mines 2.0 -> RecipeDef named MinesAutomated_RecipeDef_MineableUranium added to the mine.
Mines 2.0 -> RecipeDef named MinesAutomated_RecipeDef_MineableSilver added to the mine.
Mines 2.0 -> RecipeDef named MinesAutomated_RecipeDef_MineableGold added to the mine.
Mines 2.0 -> RecipeDef named MinesAutomated_RecipeDef_MineableJade added to the mine.
Mines 2.0 -> RecipeDef named MinesAutomated_RecipeDef_MineablePlasteel added to the mine.
Mines 2.0 -> RecipeDef named MinesAutomated_RecipeDef_MineableObsidian added to the mine.
Mines 2.0 -> RecipeDef named MinesAutomated_RecipeDef_Sandstone added to the mine.
Mines 2.0 -> RecipeDef named MinesAutomated_RecipeDef_Marble added to the mine.
Mines 2.0 -> RecipeDef named MinesAutomated_RecipeDef_Slate added to the mine.
Mines 2.0 -> RecipeDef named MinesAutomated_RecipeDef_Vacstone added to the mine.
Mines 2.0 -> RecipeDef named MinesAutomated_RecipeDef_Limestone added to the mine.
Mines 2.0 -> RecipeDef named MinesAutomated_RecipeDef_Granite added to the mine.
NamesGalore: Injecting Names
Chinese
NamesGalore: Current Lang English
[Quality Of Building] patching
(Research Tab Colors) Transpiler injected.
Unloading 5 Unused Serialized files (Serialized files now loaded: 5)
Unloading 529 unused Assets to reduce memory usage. Loaded Objects now: 34443.
Total: 270.639100 ms (FindLiveObjects: 1.773300 ms CreateObjectMapping: 0.961500 ms MarkObjects: 267.111100 ms  DeleteObjects: 0.792600 ms)

MVCF successfully applied 41 patches
[com.ogliss.rimworld.mod.rryatuja.minepatch] Patches on methods annotated as Obsolete were detected by HugsLib: RimWorld.Mineable.TrySpawnYield
CharacterEditor v1.6.3 initializing...
updating labels for english...
loading pawn slot content from file...
character editor instance created
checking editor settings...
bodysizes genes are active
CharacterEditor v1.6.3 ...done
CameraPlus: Found mod at D:\SteamLibrary\steamapps\workshop\content\294100\867467808
Textures were not found for one or more extended graphics for Mechanent: RobotRace/Stump_Mechanent/SynthNeck
<color=#66ffb5>[MeleeAnim]</color> Potential patch conflicts (14):
<color=#66ffb5>[MeleeAnim]</color> 
System.Void Verse.PawnRenderer::RenderPawnAt(UnityEngine.Vector3 drawLoc, System.Nullable`1<Verse.Rot4> rotOverride, System.Boolean neverAimWeapon)
Prefixes:
  [net.pardeike.rimworld.mod.camera+] Prefix
  [com.otters.rimworld.mod.Tents] Prefix
  [co.uk.epicguru.meleeanimation] Prefix
Transpilers:
Postfixes:
  [co.uk.epicguru.meleeanimation] Postfix

static System.Void Verse.PawnRenderUtility::DrawEquipmentAiming(Verse.Thing eq, UnityEngine.Vector3 drawLoc, System.Single aimAngle)
Prefixes:
  [OskarPotocki.VEF] Prefix
  [OskarPotocki.VEF] Prefix
  [OskarPotocki.VEF] DrawEquipmentAimingPrefix
  [co.uk.epicguru.meleeanimation] Prefix
  [com.github.automatic1111.gunplay] Prefix
Transpilers:
Postfixes:
  [Vodka.MuzzleFlash] Postfix

Verse.PreRenderResults Verse.PawnRenderer::ParallelGetPreRenderResults(UnityEngine.Vector3 drawLoc, System.Nullable`1<Verse.Rot4> rotOverride, System.Boolean neverAimWeapon, System.Boolean disableCache)
Prefixes:
  [OskarPotocki.VEF] Prefix
  [GiddyUp] Prefix
Transpilers:
  [rimworld.erdelf.alien_race.main] PostureTranspiler
Postfixes:
  [co.uk.epicguru.meleeanimation] Postfix

System.Boolean Verse.HediffSet::get_HasHead()
Prefixes:
  [co.uk.epicguru.meleeanimation] Prefix
  [rimworld.erdelf.alien_race.main] HasHeadPrefix
Transpilers:
Postfixes:

static System.Void Verse.PawnGenerator::GenerateGearFor(Verse.Pawn pawn, Verse.PawnGenerationRequest request)
Prefixes:
Transpilers:
Postfixes:
  [co.uk.epicguru.meleeanimation] Postfix
  [PeteTimesSix.SimpleSidearms] GenerateGearFor
  [rimworld.erdelf.alien_race.main] GenerateGearForPostfix

virtual System.Boolean RimWorld.Verb_MeleeAttack::TryCastShot()
Prefixes:
  [co.uk.epicguru.meleeanimation] Prefix
Transpilers:
Postfixes:
  [PeteTimesSix.SimpleSidearms] TryCastShot
<color=#66ffb5>[MeleeAnim]</color> Full patch list:
<color=#66ffb5>[MeleeAnim]</color> 
System.Void Verse.PawnRenderer::RenderPawnAt(UnityEngine.Vector3 drawLoc, System.Nullable`1<Verse.Rot4> rotOverride, System.Boolean neverAimWeapon)
Prefixes:
  [net.pardeike.rimworld.mod.camera+] Prefix
  [com.otters.rimworld.mod.Tents] Prefix
  [co.uk.epicguru.meleeanimation] Prefix
Transpilers:
Postfixes:
  [co.uk.epicguru.meleeanimation] Postfix

static System.Void Verse.PawnRenderUtility::DrawEquipmentAiming(Verse.Thing eq, UnityEngine.Vector3 drawLoc, System.Single aimAngle)
Prefixes:
  [OskarPotocki.VEF] Prefix
  [OskarPotocki.VEF] Prefix
  [OskarPotocki.VEF] DrawEquipmentAimingPrefix
  [co.uk.epicguru.meleeanimation] Prefix
  [com.github.automatic1111.gunplay] Prefix
Transpilers:
Postfixes:
  [Vodka.MuzzleFlash] Postfix

Verse.PreRenderResults Verse.PawnRenderer::ParallelGetPreRenderResults(UnityEngine.Vector3 drawLoc, System.Nullable`1<Verse.Rot4> rotOverride, System.Boolean neverAimWeapon, System.Boolean disableCache)
Prefixes:
  [OskarPotocki.VEF] Prefix
  [GiddyUp] Prefix
Transpilers:
  [rimworld.erdelf.alien_race.main] PostureTranspiler
Postfixes:
  [co.uk.epicguru.meleeanimation] Postfix

System.Void RimWorld.Building_ProximityDetector::RunDetection()
Prefixes:
  [co.uk.epicguru.meleeanimation] Prefix
Transpilers:
Postfixes:
  [co.uk.epicguru.meleeanimation] Postfix

static System.Collections.Generic.List`1<Verse.FloatMenuOption> RimWorld.FloatMenuMakerMap::GetOptions(System.Collections.Generic.List`1<Verse.Pawn> selectedPawns, UnityEngine.Vector3 clickPos, RimWorld.FloatMenuContext& context)
Prefixes:
Transpilers:
Postfixes:
  [co.uk.epicguru.meleeanimation] Postfix

System.Boolean Verse.HediffSet::get_HasHead()
Prefixes:
  [co.uk.epicguru.meleeanimation] Prefix
  [rimworld.erdelf.alien_race.main] HasHeadPrefix
Transpilers:
Postfixes:

static System.Boolean RimWorld.InvisibilityUtility::IsPsychologicallyInvisible(Verse.Pawn pawn)
Prefixes:
  [co.uk.epicguru.meleeanimation] Prefix
Transpilers:
Postfixes:

static System.Void Verse.PawnGenerator::GenerateGearFor(Verse.Pawn pawn, Verse.PawnGenerationRequest request)
Prefixes:
Transpilers:
Postfixes:
  [co.uk.epicguru.meleeanimation] Postfix
  [PeteTimesSix.SimpleSidearms] GenerateGearFor
  [rimworld.erdelf.alien_race.main] GenerateGearForPostfix

System.Void Verse.PawnRenderer::DrawShadowInternal(UnityEngine.Vector3 drawLoc)
Prefixes:
  [co.uk.epicguru.meleeanimation] Prefix
Transpilers:
Postfixes:

System.Void Verse.PawnRenderer::ParallelPreRenderPawnAt(UnityEngine.Vector3 drawLoc, System.Nullable`1<Verse.Rot4> rotOverride, System.Boolean neverAimWeapon)
Prefixes:
  [co.uk.epicguru.meleeanimation] Prefix
Transpilers:
Postfixes:

System.Void Verse.PawnRenderTree::ParallelPreDraw(Verse.PawnDrawParms parms)
Prefixes:
  [co.uk.epicguru.meleeanimation] Prefix
Transpilers:
Postfixes:
  [co.uk.epicguru.meleeanimation] Postfix

static Verse.Pawn RimWorld.PawnUtility::PawnBlockingPathAt(Verse.IntVec3 c, Verse.Pawn forPawn, System.Boolean actAsIfHadCollideWithPawnsJob, System.Boolean collideOnlyWithStandingPawns, System.Boolean forPathFinder, System.Boolean useId)
Prefixes:
  [co.uk.epicguru.meleeanimation] Prefix
  [co.uk.epicguru.meleeanimation] Prefix
Transpilers:
Postfixes:

System.Void RimWorld.Pawn_ApparelTracker::Notify_ApparelChanged()
Prefixes:
  [co.uk.epicguru.meleeanimation] Prefix
Transpilers:
Postfixes:

virtual System.Void Verse.Pawn::DrawGUIOverlay()
Prefixes:
  [co.uk.epicguru.meleeanimation] Prefix
Transpilers:
Postfixes:

System.Void Verse.Pawn_DrawTracker::Notify_MeleeAttackOn(Verse.Thing Target)
Prefixes:
  [co.uk.epicguru.meleeanimation] Prefix
Transpilers:
Postfixes:

Verse.BattleLogEntry_MeleeCombat RimWorld.Verb_MeleeAttack::CreateCombatLog(System.Func`2<Verse.ManeuverDef, Verse.RulePackDef> rulePackGetter, System.Boolean alwaysShow)
Prefixes:
  [co.uk.epicguru.meleeanimation] Prefix
Transpilers:
Postfixes:

virtual System.Boolean RimWorld.Verb_MeleeAttack::TryCastShot()
Prefixes:
  [co.uk.epicguru.meleeanimation] Prefix
Transpilers:
Postfixes:
  [PeteTimesSix.SimpleSidearms] TryCastShot
Unloading 1 Unused Serialized files (Serialized files now loaded: 7)
<color=#66ffb5>[MeleeAnim]</color> PreCached all retexture info in 30.9ms
<color=#66ffb5>[MeleeAnim]</color> Loaded tweak data for 29 weapons.
<color=#66ffb5>[MeleeAnim]</color> ludeon.rimworld.odyssey 'Odyssey' has 2 missing weapon tweak data.
<color=#66ffb5>[MeleeAnim]</color> ogliss.avpxenomorphs 'AVP Xenomorphs' has 3 missing weapon tweak data.
<color=#66ffb5>[MeleeAnim]</color> Skipping reporting of missing mod/weapons because user opted out or the feature is disabled by the developer.
<color=#66ffb5>[MeleeAnim]</color> Patched 3 classes that directly inherit from Verb_MeleeAttack in 57.1 ms to detect hits:
RimWorld.Verb_MeleeApplyHediff from Assembly-CSharp
RimWorld.Verb_MeleeAttackDamage from Assembly-CSharp
RRYautja.Verb_MeleeAttackKnockback from RRYautja
<color=#66ffb5>[MeleeAnim]</color> Found 0 items of clothing that cover hands, took 0.68 ms:
Unloading 55 unused Assets to reduce memory usage. Loaded Objects now: 34607.
Total: 261.020700 ms (FindLiveObjects: 1.758800 ms CreateObjectMapping: 1.984000 ms MarkObjects: 257.164300 ms  DeleteObjects: 0.113500 ms)

Unloading 0 Unused Serialized files (Serialized files now loaded: 7)
Loading asset bundle MuzzleFlash.shaders-windows
Loaded shader Unlit/AnimatedAdditiveInstanced
[Muzzle Flash] Shader loaded from MuzzleFlash: Unlit/AnimatedAdditiveInstanced
Unloading 0 unused Assets to reduce memory usage. Loaded Objects now: 34609.
Total: 268.688400 ms (FindLiveObjects: 1.717400 ms CreateObjectMapping: 1.947100 ms MarkObjects: 264.968800 ms  DeleteObjects: 0.054800 ms)

Unloading 0 Unused Serialized files (Serialized files now loaded: 8)
[Loading Progress] Why is ResearchPal.Profiler.Start from ResearchPal 1.6 - Temp calling DeepProfiler.Start (and by extension our patch) with null?! Stop it.
[Loading Progress] Why is ResearchPal.Profiler.Start from ResearchPal 1.6 - Temp calling DeepProfiler.Start (and by extension our patch) with null?! Stop it.
[Loading Progress] Why is ResearchPal.Profiler.Start from ResearchPal 1.6 - Temp calling DeepProfiler.Start (and by extension our patch) with null?! Stop it.
[Loading Progress] Why is ResearchPal.Profiler.Start from ResearchPal 1.6 - Temp calling DeepProfiler.Start (and by extension our patch) with null?! Stop it.
[Loading Progress] Why is ResearchPal.Profiler.Start from ResearchPal 1.6 - Temp calling DeepProfiler.Start (and by extension our patch) with null?! Stop it.
[Loading Progress] Why is ResearchPal.Profiler.Start from ResearchPal 1.6 - Temp calling DeepProfiler.Start (and by extension our patch) with null?! Stop it.
ResearchPal :: Research layout initialized
Unloading 0 unused Assets to reduce memory usage. Loaded Objects now: 34609.
Total: 265.243500 ms (FindLiveObjects: 1.696900 ms CreateObjectMapping: 2.003800 ms MarkObjects: 261.494100 ms  DeleteObjects: 0.048500 ms)

Unloading 0 Unused Serialized files (Serialized files now loaded: 8)
Unloading 0 unused Assets to reduce memory usage. Loaded Objects now: 34609.
Total: 262.267300 ms (FindLiveObjects: 2.317300 ms CreateObjectMapping: 1.544300 ms MarkObjects: 258.352500 ms  DeleteObjects: 0.052500 ms)

[HugsLib] initializing TerraformRimworld
CE is trying to create default parameter lists ...
creating default parameter list for genes...
250 default entities for genes created
creating default parameter list for objects...
2403 default entities for objects created
creating default parameter list for turrets...
40 default entities for turrets created
...lists created
CE is trying to apply modified parameters...
no modifications for genes
no modifications for lifestages
...done
Unloading 2 Unused Serialized files (Serialized files now loaded: 8)
Unloading 5 unused Assets to reduce memory usage. Loaded Objects now: 36562.
Total: 309.456900 ms (FindLiveObjects: 1.911600 ms CreateObjectMapping: 1.111900 ms MarkObjects: 306.345300 ms  DeleteObjects: 0.087800 ms)

Memory Statistics:
[ALLOC_TEMP_TLS] TLS Allocator
  StackAllocators : 
    [ALLOC_TEMP_MAIN]
      Peak usage frame count: [0-1.0 KB]: 7789 frames, [1.0 KB-2.0 KB]: 45 frames, [2.0 KB-4.0 KB]: 815 frames, [4.0 KB-8.0 KB]: 3440 frames, [8.0 KB-16.0 KB]: 64 frames, [16.0 KB-32.0 KB]: 17 frames, [32.0 KB-64.0 KB]: 14 frames, [64.0 KB-128.0 KB]: 11 frames, [128.0 KB-256.0 KB]: 7 frames, [256.0 KB-0.5 MB]: 2 frames, [0.5 MB-1.0 MB]: 2 frames, [1.0 MB-2.0 MB]: 7 frames, [2.0 MB-4.0 MB]: 3 frames, [4.0 MB-8.0 MB]: 13 frames
      Initial Block Size 4.0 MB
      Current Block Size 5.3 MB
      Peak Allocated Bytes 5.3 MB
      Overflow Count 22
    [ALLOC_TEMP_Loading.AsyncRead]
      Initial Block Size 64.0 KB
      Current Block Size 120.0 KB
      Peak Allocated Bytes 117.2 KB
      Overflow Count 0
    [ALLOC_TEMP_Loading.PreloadManager]
      Initial Block Size 256.0 KB
      Current Block Size 256.0 KB
      Peak Allocated Bytes 3.5 KB
      Overflow Count 4
    [ALLOC_TEMP_Background Job.Worker 8]
      Initial Block Size 32.0 KB
      Current Block Size 32.0 KB
      Peak Allocated Bytes 54 B
      Overflow Count 0
    [ALLOC_TEMP_Background Job.Worker 9]
      Initial Block Size 32.0 KB
      Current Block Size 32.0 KB
      Peak Allocated Bytes 54 B
      Overflow Count 0
    [ALLOC_TEMP_Job.Worker 0]
      Initial Block Size 256.0 KB
      Current Block Size 256.0 KB
      Peak Allocated Bytes 176 B
      Overflow Count 0
    [ALLOC_TEMP_Background Job.Worker 10]
      Initial Block Size 32.0 KB
      Current Block Size 32.0 KB
      Peak Allocated Bytes 54 B
      Overflow Count 0
    [ALLOC_TEMP_Job.Worker 6]
      Initial Block Size 256.0 KB
      Current Block Size 256.0 KB
      Peak Allocated Bytes 176 B
      Overflow Count 0
    [ALLOC_TEMP_Job.Worker 5]
      Initial Block Size 256.0 KB
      Current Block Size 256.0 KB
      Peak Allocated Bytes 176 B
      Overflow Count 0
    [ALLOC_TEMP_Background Job.Worker 14]
      Initial Block Size 32.0 KB
      Current Block Size 32.0 KB
      Peak Allocated Bytes 54 B
      Overflow Count 0
    [ALLOC_TEMP_Background Job.Worker 6]
      Initial Block Size 32.0 KB
      Current Block Size 32.0 KB
      Peak Allocated Bytes 54 B
      Overflow Count 0
    [ALLOC_TEMP_Job.Worker 4]
      Initial Block Size 256.0 KB
      Current Block Size 256.0 KB
      Peak Allocated Bytes 192 B
      Overflow Count 0
    [ALLOC_TEMP_ReadCacheIndex]
      Initial Block Size 64.0 KB
      Current Block Size 64.0 KB
      Peak Allocated Bytes 0.6 KB
      Overflow Count 0
    [ALLOC_TEMP_Job.Worker 3]
      Initial Block Size 256.0 KB
      Current Block Size 256.0 KB
      Peak Allocated Bytes 160 B
      Overflow Count 0
    [ALLOC_TEMP_Background Job.Worker 12]
      Initial Block Size 32.0 KB
      Current Block Size 32.0 KB
      Peak Allocated Bytes 54 B
      Overflow Count 0
    [ALLOC_TEMP_EnlightenWorker] x 6
      Initial Block Size 64.0 KB
      Current Block Size 64.0 KB
      Peak Allocated Bytes 54 B
      Overflow Count 0
    [ALLOC_TEMP_Background Job.Worker 15]
      Initial Block Size 32.0 KB
      Current Block Size 32.0 KB
      Peak Allocated Bytes 54 B
      Overflow Count 0
    [ALLOC_TEMP_Background Job.Worker 1]
      Initial Block Size 32.0 KB
      Current Block Size 32.0 KB
      Peak Allocated Bytes 54 B
      Overflow Count 0
    [ALLOC_TEMP_Background Job.Worker 2]
      Initial Block Size 32.0 KB
      Current Block Size 32.0 KB
      Peak Allocated Bytes 54 B
      Overflow Count 0
    [ALLOC_TEMP_Background Job.Worker 7]
      Initial Block Size 32.0 KB
      Current Block Size 32.0 KB
      Peak Allocated Bytes 54 B
      Overflow Count 0
    [ALLOC_TEMP_UnityGfxDeviceWorker]
      Initial Block Size 256.0 KB
      Current Block Size 256.0 KB
      Peak Allocated Bytes 9.3 KB
      Overflow Count 0
    [ALLOC_TEMP_AssetGarbageCollectorHelper] x 11
      Initial Block Size 64.0 KB
      Current Block Size 64.0 KB
      Peak Allocated Bytes 138 B
      Overflow Count 0
    [ALLOC_TEMP_Background Job.Worker 5]
      Initial Block Size 32.0 KB
      Current Block Size 32.0 KB
      Peak Allocated Bytes 54 B
      Overflow Count 0
    [ALLOC_TEMP_Job.Worker 9]
      Initial Block Size 256.0 KB
      Current Block Size 256.0 KB
      Peak Allocated Bytes 160 B
      Overflow Count 0
    [ALLOC_TEMP_Background Job.Worker 13]
      Initial Block Size 32.0 KB
      Current Block Size 32.0 KB
      Peak Allocated Bytes 54 B
      Overflow Count 0
    [ALLOC_TEMP_Job.Worker 8]
      Initial Block Size 256.0 KB
      Current Block Size 256.0 KB
      Peak Allocated Bytes 176 B
      Overflow Count 0
    [ALLOC_TEMP_Job.Worker 7]
      Initial Block Size 256.0 KB
      Current Block Size 256.0 KB
      Peak Allocated Bytes 176 B
      Overflow Count 0
    [ALLOC_TEMP_Background Job.Worker 11]
      Initial Block Size 32.0 KB
      Current Block Size 32.0 KB
      Peak Allocated Bytes 54 B
      Overflow Count 0
    [ALLOC_TEMP_Job.Worker 2]
      Initial Block Size 256.0 KB
      Current Block Size 256.0 KB
      Peak Allocated Bytes 208 B
      Overflow Count 0
    [ALLOC_TEMP_Background Job.Worker 3]
      Initial Block Size 32.0 KB
      Current Block Size 32.0 KB
      Peak Allocated Bytes 54 B
      Overflow Count 0
    [ALLOC_TEMP_Job.Worker 1]
      Initial Block Size 256.0 KB
      Current Block Size 256.0 KB
      Peak Allocated Bytes 507 B
      Overflow Count 0
    [ALLOC_TEMP_Job.Worker 10]
      Initial Block Size 256.0 KB
      Current Block Size 256.0 KB
      Peak Allocated Bytes 160 B
      Overflow Count 0
    [ALLOC_TEMP_Background Job.Worker 0]
      Initial Block Size 32.0 KB
      Current Block Size 32.0 KB
      Peak Allocated Bytes 54 B
      Overflow Count 0
    [ALLOC_TEMP_Background Job.Worker 4]
      Initial Block Size 32.0 KB
      Current Block Size 32.0 KB
      Peak Allocated Bytes 54 B
      Overflow Count 0
    [ALLOC_TEMP_BatchDeleteObjects]
      Initial Block Size 64.0 KB
      Current Block Size 64.0 KB
      Peak Allocated Bytes 54 B
      Overflow Count 0
[ALLOC_DEFAULT] Dual Thread Allocator
  Peak main deferred allocation count 43152
    [ALLOC_BUCKET]
      Large Block size 4.0 MB
      Used Block count 1
      Peak Allocated bytes 4.0 MB
      Failed Allocations. Bucket layout:
        16B: 5 Subsections = 5120 buckets. Failed count: 29200
        32B: 34 Subsections = 17408 buckets. Failed count: 72431
        48B: 49 Subsections = 16725 buckets. Failed count: 155702
        64B: 40 Subsections = 10240 buckets. Failed count: 50978
        80B: 85 Subsections = 17408 buckets. Failed count: 115612
        96B: 27 Subsections = 4608 buckets. Failed count: 44957
        112B: 10 Subsections = 1462 buckets. Failed count: 15190
        128B: 6 Subsections = 768 buckets. Failed count: 11760
    [ALLOC_DEFAULT_MAIN]
      Peak usage frame count: [16.0 MB-32.0 MB]: 788 frames, [32.0 MB-64.0 MB]: 12 frames, [64.0 MB-128.0 MB]: 32 frames, [128.0 MB-256.0 MB]: 6961 frames, [256.0 MB-0.50 GB]: 4436 frames
      Requested Block Size 16.0 MB
      Peak Block count 18
      Peak Allocated memory 293.6 MB
      Peak Large allocation bytes 63.2 MB
    [ALLOC_DEFAULT_THREAD]
      Peak usage frame count: [8.0 MB-16.0 MB]: 7041 frames, [16.0 MB-32.0 MB]: 2 frames, [32.0 MB-64.0 MB]: 14 frames, [64.0 MB-128.0 MB]: 5172 frames
      Requested Block Size 16.0 MB
      Peak Block count 4
      Peak Allocated memory 78.2 MB
      Peak Large allocation bytes 33.8 MB
[ALLOC_TEMP_JOB_1_FRAME]
  Initial Block Size 2.0 MB
  Used Block Count 0
  Overflow Count (too large) 0
  Overflow Count (full) 0
[ALLOC_TEMP_JOB_2_FRAMES]
  Initial Block Size 2.0 MB
  Used Block Count 0
  Overflow Count (too large) 0
  Overflow Count (full) 0
[ALLOC_TEMP_JOB_4_FRAMES (JobTemp)]
  Initial Block Size 2.0 MB
  Used Block Count 1
  Overflow Count (too large) 20
  Overflow Count (full) 0
[ALLOC_TEMP_JOB_ASYNC (Background)]
  Initial Block Size 1.0 MB
  Used Block Count 1
  Overflow Count (too large) 0
  Overflow Count (full) 0
[ALLOC_GFX] Dual Thread Allocator
  Peak main deferred allocation count 862
    [ALLOC_BUCKET]
      Large Block size 4.0 MB
      Used Block count 1
      Peak Allocated bytes 4.0 MB
      Failed Allocations. Bucket layout:
        16B: 5 Subsections = 5120 buckets. Failed count: 29200
        32B: 34 Subsections = 17408 buckets. Failed count: 72431
        48B: 49 Subsections = 16725 buckets. Failed count: 155702
        64B: 40 Subsections = 10240 buckets. Failed count: 50978
        80B: 85 Subsections = 17408 buckets. Failed count: 115612
        96B: 27 Subsections = 4608 buckets. Failed count: 44957
        112B: 10 Subsections = 1462 buckets. Failed count: 15190
        128B: 6 Subsections = 768 buckets. Failed count: 11760
    [ALLOC_GFX_MAIN]
      Peak usage frame count: [128.0 KB-256.0 KB]: 1 frames, [2.0 MB-4.0 MB]: 826 frames, [4.0 MB-8.0 MB]: 6146 frames, [8.0 MB-16.0 MB]: 803 frames, [16.0 MB-32.0 MB]: 2 frames, [32.0 MB-64.0 MB]: 4437 frames, [64.0 MB-128.0 MB]: 13 frames, [0.50 GB-1.00 GB]: 1 frames
      Requested Block Size 16.0 MB
      Peak Block count 6
      Peak Allocated memory 0.81 GB
      Peak Large allocation bytes 0.75 GB
    [ALLOC_GFX_THREAD]
      Peak usage frame count: [0-1.0 KB]: 828 frames, [1.0 KB-2.0 KB]: 791 frames, [2.0 KB-4.0 KB]: 2331 frames, [4.0 KB-8.0 KB]: 1579 frames, [8.0 KB-16.0 KB]: 1797 frames, [16.0 KB-32.0 KB]: 4903 frames
      Requested Block Size 16.0 MB
      Peak Block count 1
      Peak Allocated memory 29.3 KB
      Peak Large allocation bytes 0 B
[ALLOC_CACHEOBJECTS] Dual Thread Allocator
  Peak main deferred allocation count 101
    [ALLOC_BUCKET]
      Large Block size 4.0 MB
      Used Block count 1
      Peak Allocated bytes 4.0 MB
      Failed Allocations. Bucket layout:
        16B: 5 Subsections = 5120 buckets. Failed count: 29200
        32B: 34 Subsections = 17408 buckets. Failed count: 72431
        48B: 49 Subsections = 16725 buckets. Failed count: 155702
        64B: 40 Subsections = 10240 buckets. Failed count: 50978
        80B: 85 Subsections = 17408 buckets. Failed count: 115612
        96B: 27 Subsections = 4608 buckets. Failed count: 44957
        112B: 10 Subsections = 1462 buckets. Failed count: 15190
        128B: 6 Subsections = 768 buckets. Failed count: 11760
    [ALLOC_CACHEOBJECTS_MAIN]
      Peak usage frame count: [4.0 MB-8.0 MB]: 1 frames, [8.0 MB-16.0 MB]: 836 frames, [16.0 MB-32.0 MB]: 11392 frames
      Requested Block Size 4.0 MB
      Peak Block count 5
      Peak Allocated memory 17.7 MB
      Peak Large allocation bytes 0 B
    [ALLOC_CACHEOBJECTS_THREAD]
      Peak usage frame count: [4.0 KB-8.0 KB]: 12198 frames, [32.0 KB-64.0 KB]: 1 frames, [64.0 KB-128.0 KB]: 6 frames, [128.0 KB-256.0 KB]: 5 frames, [256.0 KB-0.5 MB]: 17 frames, [0.5 MB-1.0 MB]: 2 frames
      Requested Block Size 4.0 MB
      Peak Block count 1
      Peak Allocated memory 0.6 MB
      Peak Large allocation bytes 0 B
[ALLOC_TYPETREE] Dual Thread Allocator
  Peak main deferred allocation count 0
    [ALLOC_BUCKET]
      Large Block size 4.0 MB
      Used Block count 1
      Peak Allocated bytes 4.0 MB
      Failed Allocations. Bucket layout:
        16B: 5 Subsections = 5120 buckets. Failed count: 29200
        32B: 34 Subsections = 17408 buckets. Failed count: 72431
        48B: 49 Subsections = 16725 buckets. Failed count: 155702
        64B: 40 Subsections = 10240 buckets. Failed count: 50978
        80B: 85 Subsections = 17408 buckets. Failed count: 115612
        96B: 27 Subsections = 4608 buckets. Failed count: 44957
        112B: 10 Subsections = 1462 buckets. Failed count: 15190
        128B: 6 Subsections = 768 buckets. Failed count: 11760
    [ALLOC_TYPETREE_MAIN]
      Peak usage frame count: [4.0 KB-8.0 KB]: 1 frames, [8.0 KB-16.0 KB]: 788 frames, [32.0 KB-64.0 KB]: 73 frames, [256.0 KB-0.5 MB]: 11367 frames
      Requested Block Size 2.0 MB
      Peak Block count 1
      Peak Allocated memory 448.5 KB
      Peak Large allocation bytes 0 B
    [ALLOC_TYPETREE_THREAD]
      Peak usage frame count: [0-1.0 KB]: 12229 frames
      Requested Block Size 2.0 MB
      Peak Block count 0
      Peak Allocated memory 0 B
      Peak Large allocation bytes 0 B
