Mono path[0] = 'D:/SteamLibrary/steamapps/common/RimWorld/RimWorldWin64_Data/Managed'
Mono config path = 'D:/SteamLibrary/steamapps/common/RimWorld/MonoBleedingEdge/etc'
[PhysX] Initialized MultithreadedTaskDispatcher with 12 workers.
Initialize engine version: 2022.3.35f1 (011206c7a712)
[Subsystems] Discovering subsystems at path D:/SteamLibrary/steamapps/common/RimWorld/RimWorldWin64_Data/UnitySubsystems
GfxDevice: creating device client; threaded=1; jobified=0
Direct3D:
    Version:  Direct3D 11.0 [level 11.1]
    Renderer: NVIDIA GeForce RTX 3050 (ID=0x2507)
    Vendor:   NVIDIA
    VRAM:     8042 MB
    Driver:   32.0.16.1656
Begin MonoManager ReloadAssembly
- Loaded All Assemblies, in  0.194 seconds
- Finished resetting the current domain, in  0.001 seconds
<RI> Initializing input.

<RI> Input initialized.

<RI> Initialized touch support.

[PhysX] Initialized MultithreadedTaskDispatcher with 12 workers.
UnloadTime: 0.654700 ms
Command line arguments: -disable-compute-shaders
RimWorld 1.6.4871 rev591
Fallback handler could not load library D:/SteamLibrary/steamapps/common/RimWorld/RimWorldWin64_Data/MonoBleedingEdge/data-000002F47372F330.dll
Fallback handler could not load library D:/SteamLibrary/steamapps/common/RimWorld/RimWorldWin64_Data/MonoBleedingEdge/data-000002F4AAF05D90.dll
[Loading Progress] Loading Progress v0.15.0 initialized! Enjoy the rest of your loading experience!
[HugsLib] version 12.0.0
[HugsLib] early-initializing AllowTool
Better Autocasting - Running Version 8.1.1.0 Release compiled for RimWorld version v1.6
Better Autocasting - UnregisterPatch succeeded
Fallback handler could not load library D:/SteamLibrary/steamapps/common/RimWorld/RimWorldWin64_Data/MonoBleedingEdge/data-000002F49E9C4020.dll
DubsMintMenus v1.3.1086
FactionCustomizer is successfully initialized!
[1.6]Graphics Setter - Loaded
[ImageOpt] Successfully loaded Rust library into process memory. ver: 0.1.13
Fallback handler could not load library D:/SteamLibrary/steamapps/common/RimWorld/RimWorldWin64_Data/MonoBleedingEdge/data-000002F4B1A0B010.dll
<color=#66ffb5>[MeleeAnim]</color> Hello, world!
Build date: 7/31/2026 6:45 PM
Loaded assemblies (10):
0BetterFloatMenu, Version=16.0.0.0, Culture=neutral, PublicKeyToken=null,
0ColourPicker, Version=1.0.0.0, Culture=neutral, PublicKeyToken=null,
AMRetextureSupport, Version=0.0.0.0, Culture=neutral, PublicKeyToken=null,
Meta.Numerics, Version=3.1.0.0, Culture=neutral, PublicKeyToken=67d25c65a6631347,
ModRequestAPI, Version=1.0.0.0, Culture=neutral, PublicKeyToken=null,
ModRequestAPI.Models, Version=1.0.0.0, Culture=neutral, PublicKeyToken=null,
Unity.Newtonsoft.Json, Version=7.0.0.0, Culture=neutral, PublicKeyToken=null,
zAnimationMod, Version=1.0.0.0, Culture=neutral, PublicKeyToken=null,
AM.FacialAnimationPatch, Version=0.0.0.0, Culture=neutral, PublicKeyToken=null,
AM.VehiclesPatch, Version=0.0.0.0, Culture=neutral, PublicKeyToken=null
<color=#66ffb5>[MeleeAnim]</color> Scanning 272 mods for animation data...
<color=#66ffb5>[MeleeAnim]</color> Found 1 mod folders with animation data, total 69 loadable files.
<color=#66ffb5>[MeleeAnim]</color> [<color=#63e0ff>Facial Animation Patch</color>] Successfully loaded Facial Animation patch.
<color=#66ffb5>[MeleeAnim]</color> <color=#ffa8fc>[Vehicle Framework Patch]</color> Loaded vehicle framework patch!
TKS_Ragdoll: Patching finished
RimSaves NX rev27
[RimHUD v1.17.5] Initialized
Loaded What's That Mod.
[Yayo's Animation] - Giddy-up! detected
[YART] Patched!
[Big & Small] Patched 49 PawnRenderNodeProperties to use PawnRenderingProps_Lite for recolorable graphics.
Remember that you can always disable this again in the mod options.
[ImageOpt] load image "D:\\SteamLibrary\\steamapps\\workshop\\content\\294100\\1701592470\\Textures\\LevelUp\\DownwardDoubleChevron.png": Format error decoding Png: Transparency chunk found for color type Rgba.

Caused by:
    Transparency chunk found for color type Rgba.
[ImageOpt] failed to load image LevelUp/DownwardDoubleChevron. using vanilla texture load
[ImageOpt] Image with id -25360 not found
startIndex: 63
endIndex: 75
Start: newobj System.Void System.Text.StringBuilder::.ctor()
End:callvirt virtual System.String System.Object::ToString() [Label14]
Start: call static System.String System.String::Concat(System.String str0, System.String str1) [Label15]
End:ldloc.0 NULL
Translation data for language English has 14 errors. Generate translation report for more info.
[AVP Xenomorphs] Broken install blueprint cleanup patch applied
[AVP Xenomorphs] Patched 4 vanilla think node Satisfied methods with null-map guards
[AVP Xenomorphs] Patched JobDriver_Wait.CheckForAutoAttack
[AVP Xenomorphs] Patched Designator_ZoneAdd.CanDesignateCell to block hive/tunnel tiles
Xenomorph Host System Loaded
1216 Possible Hosts out of 1413 Races detected: Race Setting init
[CRB] Startup running
[CRB] Harmony patched: ColonistReturnBuff
[CRB] Settings applied to ThoughtDefs
KCSG has Created 7579 symbolDefs for vanilla and DLCs
[BigLittleModPatch] Removed 334 duplicate linkableFacilities entries.
[CMColorCodedMoodBar] CMColorCodedMoodBar 1.6.4871.1 initialized
[CleaningAreaRelaunched] Loaded
[XML Extensions] Initialized 6 SettingsMenuDef(s) and found 0 unused key(s) from 0 mod(s)
[XML Extensions] 6902 total patch operations run in 14667ms, 0 failed
[XML Extensions] Emitted 6 mod class(es)
Damage Indicators initialized.
[DifferentEggSizes]: Updated 178 egg-definitions
GUD: patches were successful
Locks: Doors expanded found
Locks: SoS2 not found 
Locks version: 3.1.3 loaded.
[TrueTerrainColors v1.12.26] Loaded cached true colors for 515 terrain defs from file.
Mines 2.0 -> RecipeDef named MinesAutomated_RecipeDef_MineableSteel added to the mine.
Mines 2.0 -> RecipeDef named MinesAutomated_RecipeDef_MineableComponentsIndustrial added to the mine.
Mines 2.0 -> RecipeDef named MinesAutomated_RecipeDef_MineableUranium added to the mine.
Mines 2.0 -> RecipeDef named MinesAutomated_RecipeDef_MineableSilver added to the mine.
Mines 2.0 -> RecipeDef named MinesAutomated_RecipeDef_MineableGold added to the mine.
Mines 2.0 -> RecipeDef named MinesAutomated_RecipeDef_MineableJade added to the mine.
Mines 2.0 -> RecipeDef named MinesAutomated_RecipeDef_MineablePlasteel added to the mine.
Mines 2.0 -> RecipeDef named MinesAutomated_RecipeDef_MineableObsidian added to the mine.
Mines 2.0 -> RecipeDef named MinesAutomated_RecipeDef_VPE_EltexOre added to the mine.
Mines 2.0 -> RecipeDef named MinesAutomated_RecipeDef_AA_SkySteelClumps added to the mine.
Mines 2.0 -> RecipeDef named MinesAutomated_RecipeDef_Sandstone added to the mine.
Mines 2.0 -> RecipeDef named MinesAutomated_RecipeDef_Marble added to the mine.
Mines 2.0 -> RecipeDef named MinesAutomated_RecipeDef_Slate added to the mine.
Mines 2.0 -> RecipeDef named MinesAutomated_RecipeDef_Vacstone added to the mine.
Mines 2.0 -> RecipeDef named MinesAutomated_RecipeDef_Limestone added to the mine.
Mines 2.0 -> RecipeDef named MinesAutomated_RecipeDef_Granite added to the mine.
NamesGalore: Injecting Names
Chinese
NamesGalore: Current Lang English
[Quality Of Building] patching
[RelevantStatsInDescription]: Skipping dps-calculation of Mortar as it has no default projectile defined
[RelevantStatsInDescription]: Skipping dps-calculation of Foam turret as its projectile does not cause damage to health
[RelevantStatsInDescription]: Skipping dps-calculation of Howitzer as it has no default projectile defined
[RelevantStatsInDescription]: Skipping dps-calculation of EMP lobber turret as its projectile does not cause damage to health
[RelevantStatsInDescription]: Skipping dps-calculation of Incinerator turret as it has no default projectile defined
[RelevantStatsInDescription]: Skipping dps-calculation of Graser turret as it has no default projectile defined
[RelevantStatsInDescription]: Skipping dps-calculation of Field gun as it has no default projectile defined
[RelevantStatsInDescription]: Skipping dps-calculation of Graser cannon complex as it has no default projectile defined
[RelevantStatsInDescription]: Skipping dps-calculation of Heavy incinerator complex as it has no default projectile defined
[RelevantStatsInDescription]: Skipping dps-calculation of Anti-air turret as it has no default projectile defined
[RelevantStatsInDescription]: Skipping dps-calculation of Artillery as it has no default projectile defined
[RelevantStatsInDescription]: Skipping dps-calculation of Searchlight as it has no default projectile defined
[RelevantStatsInDescription]: Skipping dps-calculation of Tesla blaster as its projectile does not cause damage to health
(Research Tab Colors) Transpiler injected.
[RimMercenaries] MedievalOverhaul not detected - ScribeTable integration disabled
[RimMercenaries] Skipping ScribeTable patch - MedievalOverhaul not loaded
[RimMercenaries] Mod Initialized. Added Mercenary functionality to Comms Console.
[SmashPhil.SmashTools] Applying compatibility patch for Jaxe.RimHUD. Active: Yes
[SmashPhil.VehicleFramework] Applying compatibility patch for CaesarV6.DamageIndicators. Active: Yes
[SmashPhil.VehicleFramework] Applying compatibility patch for Jaxe.RimHUD. Active: Yes
[SmashPhil.VehicleFramework] Applying compatibility patch for ludeon.rimworld.odyssey. Active: Yes
[VehicleFramework] version 1.6.2144
[UseThisInstead]: Found 1 replacements
PickUpAndHaul v1.1.2¼ welcomes you to RimWorld with pointless logspam.
[GeneExpandedHair] harmony patch succeeded.
Unloading 5 Unused Serialized files (Serialized files now loaded: 14)
Unloading 2164 unused Assets to reduce memory usage. Loaded Objects now: 68748.
Total: 909.890300 ms (FindLiveObjects: 6.986400 ms CreateObjectMapping: 3.628700 ms MarkObjects: 895.716900 ms  DeleteObjects: 3.558000 ms)

MVCF successfully applied 58 patches
[ShieldGenerator] Custom parameters applied.
[TMM] Auto capitalization fix: scanned=15102, changed=1255, time=32ms
CharacterEditor v1.6.3 initializing...
updating labels for english...
loading pawn slot content from file...
character editor instance created
checking editor settings...
bodysizes genes are active
CharacterEditor v1.6.3 ...done
CameraPlus: Found mod at D:\SteamLibrary\steamapps\workshop\content\294100\867467808
Shader 'Camera+/Bordered': fallback shader 'Diffuse' not found
[AllowTool] Applied compatibility patch for "Pick Up And Haul"
<color=#66ffb5>[MeleeAnim]</color> Potential patch conflicts (22):
<color=#66ffb5>[MeleeAnim]</color> 
static System.Void Verse.PawnRenderUtility::DrawEquipmentAiming(Verse.Thing eq, UnityEngine.Vector3 drawLoc, System.Single aimAngle)
Prefixes:
  [OskarPotocki.VEF] Prefix
  [OskarPotocki.VEF] Prefix
  [OskarPotocki.VEF] DrawEquipmentAimingPrefix
  [co.uk.epicguru.meleeanimation] Prefix
  [VFEPirates.Mod] Prefix
  [OskarPotocki.VEF] DrawDuplicate
  [com.github.automatic1111.gunplay] Prefix
Transpilers:
Postfixes:

Verse.PreRenderResults Verse.PawnRenderer::ParallelGetPreRenderResults(UnityEngine.Vector3 drawLoc, System.Nullable`1<Verse.Rot4> rotOverride, System.Boolean neverAimWeapon, System.Boolean disableCache)
Prefixes:
  [OskarPotocki.VEF] Prefix
  [com.yayo.yayoAni] Prefix
  [SmashPhil.VehicleFramework] DisableCachingPawnOverlays
  [RedMattis.BetterPrerequisites] Prefix
  [rimworld.Nals.FacialAnimation] PrefixParallelGetPreRenderResults
  [GiddyUp] Prefix
Transpilers:
  [com.yayo.yayoAni] Transpiler
Postfixes:
  [co.uk.epicguru.meleeanimation] Postfix

System.Void Verse.PawnRenderer::RenderPawnAt(UnityEngine.Vector3 drawLoc, System.Nullable`1<Verse.Rot4> rotOverride, System.Boolean neverAimWeapon)
Prefixes:
  [net.pardeike.rimworld.mod.camera+] Prefix
  [VREAndroidsMod] Prefix
  [co.uk.epicguru.meleeanimation] Prefix
  [com.otters.rimworld.mod.Tents] Prefix
Transpilers:
Postfixes:
  [VREAndroidsMod] Postfix
  [co.uk.epicguru.meleeanimation] Postfix

static System.Collections.Generic.List`1<Verse.FloatMenuOption> RimWorld.FloatMenuMakerMap::GetOptions(System.Collections.Generic.List`1<Verse.Pawn> selectedPawns, UnityEngine.Vector3 clickPos, RimWorld.FloatMenuContext& context)
Prefixes:
Transpilers:
Postfixes:
  [co.uk.epicguru.meleeanimation] Postfix
  [RedMattis.BetterPrerequisites] Postfix

static System.Void Verse.PawnGenerator::GenerateGearFor(Verse.Pawn pawn, Verse.PawnGenerationRequest request)
Prefixes:
Transpilers:
Postfixes:
  [co.uk.epicguru.meleeanimation] Postfix
  [PeteTimesSix.SimpleSidearms] GenerateGearFor

System.Void Verse.PawnRenderTree::ParallelPreDraw(Verse.PawnDrawParms parms)
Prefixes:
  [co.uk.epicguru.meleeanimation] Prefix
Transpilers:
Postfixes:
  [co.uk.epicguru.meleeanimation] Postfix
  [rimworld.Nals.FacialAnimation] PostfixParallelPreDraw

System.Void RimWorld.Pawn_ApparelTracker::Notify_ApparelChanged()
Prefixes:
  [co.uk.epicguru.meleeanimation] Prefix
Transpilers:
Postfixes:
  [costel.layeredapparel] Postfix_NotifyApparelChanged

virtual System.Boolean RimWorld.Verb_MeleeAttack::TryCastShot()
Prefixes:
  [co.uk.epicguru.meleeanimation] Prefix
Transpilers:
Postfixes:
  [PeteTimesSix.SimpleSidearms] TryCastShot
<color=#66ffb5>[MeleeAnim]</color> Full patch list:
<color=#66ffb5>[MeleeAnim]</color> 
static System.Void Verse.PawnRenderUtility::DrawEquipmentAiming(Verse.Thing eq, UnityEngine.Vector3 drawLoc, System.Single aimAngle)
Prefixes:
  [OskarPotocki.VEF] Prefix
  [OskarPotocki.VEF] Prefix
  [OskarPotocki.VEF] DrawEquipmentAimingPrefix
  [co.uk.epicguru.meleeanimation] Prefix
  [VFEPirates.Mod] Prefix
  [OskarPotocki.VEF] DrawDuplicate
  [com.github.automatic1111.gunplay] Prefix
Transpilers:
Postfixes:

Verse.PreRenderResults Verse.PawnRenderer::ParallelGetPreRenderResults(UnityEngine.Vector3 drawLoc, System.Nullable`1<Verse.Rot4> rotOverride, System.Boolean neverAimWeapon, System.Boolean disableCache)
Prefixes:
  [OskarPotocki.VEF] Prefix
  [com.yayo.yayoAni] Prefix
  [SmashPhil.VehicleFramework] DisableCachingPawnOverlays
  [RedMattis.BetterPrerequisites] Prefix
  [rimworld.Nals.FacialAnimation] PrefixParallelGetPreRenderResults
  [GiddyUp] Prefix
Transpilers:
  [com.yayo.yayoAni] Transpiler
Postfixes:
  [co.uk.epicguru.meleeanimation] Postfix

System.Void Verse.PawnRenderer::RenderPawnAt(UnityEngine.Vector3 drawLoc, System.Nullable`1<Verse.Rot4> rotOverride, System.Boolean neverAimWeapon)
Prefixes:
  [net.pardeike.rimworld.mod.camera+] Prefix
  [VREAndroidsMod] Prefix
  [co.uk.epicguru.meleeanimation] Prefix
  [com.otters.rimworld.mod.Tents] Prefix
Transpilers:
Postfixes:
  [VREAndroidsMod] Postfix
  [co.uk.epicguru.meleeanimation] Postfix

System.Void RimWorld.Building_ProximityDetector::RunDetection()
Prefixes:
  [co.uk.epicguru.meleeanimation] Prefix
Transpilers:
Postfixes:
  [co.uk.epicguru.meleeanimation] Postfix

static System.Collections.Generic.List`1<Verse.FloatMenuOption> RimWorld.FloatMenuMakerMap::GetOptions(System.Collections.Generic.List`1<Verse.Pawn> selectedPawns, UnityEngine.Vector3 clickPos, RimWorld.FloatMenuContext& context)
Prefixes:
Transpilers:
Postfixes:
  [co.uk.epicguru.meleeanimation] Postfix
  [RedMattis.BetterPrerequisites] Postfix

System.Boolean Verse.HediffSet::get_HasHead()
Prefixes:
  [co.uk.epicguru.meleeanimation] Prefix
Transpilers:
Postfixes:

static System.Boolean RimWorld.InvisibilityUtility::IsPsychologicallyInvisible(Verse.Pawn pawn)
Prefixes:
  [co.uk.epicguru.meleeanimation] Prefix
Transpilers:
Postfixes:

static System.Void Verse.PawnGenerator::GenerateGearFor(Verse.Pawn pawn, Verse.PawnGenerationRequest request)
Prefixes:
Transpilers:
Postfixes:
  [co.uk.epicguru.meleeanimation] Postfix
  [PeteTimesSix.SimpleSidearms] GenerateGearFor

System.Void Verse.PawnRenderer::DrawShadowInternal(UnityEngine.Vector3 drawLoc)
Prefixes:
  [co.uk.epicguru.meleeanimation] Prefix
Transpilers:
Postfixes:

System.Void Verse.PawnRenderer::ParallelPreRenderPawnAt(UnityEngine.Vector3 drawLoc, System.Nullable`1<Verse.Rot4> rotOverride, System.Boolean neverAimWeapon)
Prefixes:
  [co.uk.epicguru.meleeanimation] Prefix
Transpilers:
Postfixes:

System.Void Verse.PawnRenderTree::ParallelPreDraw(Verse.PawnDrawParms parms)
Prefixes:
  [co.uk.epicguru.meleeanimation] Prefix
Transpilers:
Postfixes:
  [co.uk.epicguru.meleeanimation] Postfix
  [rimworld.Nals.FacialAnimation] PostfixParallelPreDraw

static Verse.Pawn RimWorld.PawnUtility::PawnBlockingPathAt(Verse.IntVec3 c, Verse.Pawn forPawn, System.Boolean actAsIfHadCollideWithPawnsJob, System.Boolean collideOnlyWithStandingPawns, System.Boolean forPathFinder, System.Boolean useId)
Prefixes:
  [co.uk.epicguru.meleeanimation] Prefix
  [co.uk.epicguru.meleeanimation] Prefix
Transpilers:
Postfixes:

System.Void RimWorld.Pawn_ApparelTracker::Notify_ApparelChanged()
Prefixes:
  [co.uk.epicguru.meleeanimation] Prefix
Transpilers:
Postfixes:
  [costel.layeredapparel] Postfix_NotifyApparelChanged

virtual System.Void Verse.Pawn::DrawGUIOverlay()
Prefixes:
  [co.uk.epicguru.meleeanimation] Prefix
Transpilers:
Postfixes:

System.Void Verse.Pawn_DrawTracker::Notify_MeleeAttackOn(Verse.Thing Target)
Prefixes:
  [co.uk.epicguru.meleeanimation] Prefix
Transpilers:
Postfixes:

Verse.BattleLogEntry_MeleeCombat RimWorld.Verb_MeleeAttack::CreateCombatLog(System.Func`2<Verse.ManeuverDef, Verse.RulePackDef> rulePackGetter, System.Boolean alwaysShow)
Prefixes:
  [co.uk.epicguru.meleeanimation] Prefix
Transpilers:
Postfixes:

virtual System.Boolean RimWorld.Verb_MeleeAttack::TryCastShot()
Prefixes:
  [co.uk.epicguru.meleeanimation] Prefix
Transpilers:
Postfixes:
  [PeteTimesSix.SimpleSidearms] TryCastShot
<color=#66ffb5>[MeleeAnim]</color> PreCached all retexture info in 413.3ms
<color=#66ffb5>[MeleeAnim]</color> Loaded tweak data for 77 weapons.
<color=#66ffb5>[MeleeAnim]</color> ogliss.avpxenomorphs 'AVP Xenomorphs' has 1 missing weapon tweak data.
<color=#66ffb5>[MeleeAnim]</color> Skipping reporting of missing mod/weapons because user opted out or the feature is disabled by the developer.
<color=#66ffb5>[MeleeAnim]</color> Patched 3 classes that directly inherit from Verb_MeleeAttack in 100.3 ms to detect hits:
RimWorld.Verb_MeleeApplyHediff from Assembly-CSharp
RimWorld.Verb_MeleeAttackDamage from Assembly-CSharp
RRYautja.Verb_MeleeAttackKnockback from RRYautja
<color=#66ffb5>[MeleeAnim]</color> Found 17 items of clothing that cover hands, took 1.52 ms:
VAE_Handwear_PlateGloves (Plate gloves),
VAE_Handwear_MarineGloves (Marine gloves),
VAE_Apparel_Shield_Riot (Riot shield),
VFEP_WarcasketShoulders_Warcasket (Warcasket shoulders),
VFEP_WarcasketShoulders_Marine (Marine warcasket shoulders),
VFEP_WarcasketShoulders_Recon (Recon warcasket shoulders),
VFEP_WarcasketShoulders_Cataphract (Cataphract warcasket shoulders),
VFEP_WarcasketShoulders_Aerial (Aerial warcasket shoulders),
VFEP_WarcasketShoulders_Barrage (Barrage warcasket shoulders),
VFEP_WarcasketShoulders_Hazard (Hazard warcasket shoulders),
VFEP_WarcasketShoulders_Shock (Shock warcasket shoulders),
VFEP_WarcasketShoulders_Siegebreaker (Siegebreaker warcasket shoulders),
VFEP_WarcasketShoulders_Guardian (Guardian warcasket shoulders),
VFEP_WarcasketShoulders_Controller (Controller warcasket shoulders),
VFEP_WarcasketShoulders_Sarcophagus (Sarcophagus warcasket shoulders),
VFEP_WarcasketShoulders_Brute (Brute warcasket shoulders),
VAE_Handwear_Gloves (Gloves)
[RimHUD v1.17.5] Integrated preset 'Compact' loaded
  --> [What's That Mod] Took 0.56 seconds to scan all patches. <--
What's That Mod: Wrote to 10959 mod descriptions, 81 patched defs resolved.
What's That Mod took 588 milliseconds to generate all def descriptions.
[HugsLib] initializing TerraformRimworld
CE is trying to create default parameter lists ...
creating default parameter list for genes...
1309 default entities for genes created
creating default parameter list for objects...
4992 default entities for objects created
creating default parameter list for turrets...
72 default entities for turrets created
...lists created
CE is trying to apply modified parameters...
no modifications for genes
no modifications for objects
no modifications for lifestages
...done
Unloading 4 Unused Serialized files (Serialized files now loaded: 16)
[PhysX] Initialized MultithreadedTaskDispatcher with 12 workers.
UnloadTime: 23.518500 ms
Unloading 167 unused Assets to reduce memory usage. Loaded Objects now: 69325.
Total: 825.334600 ms (FindLiveObjects: 3.402600 ms CreateObjectMapping: 4.364900 ms MarkObjects: 817.253800 ms  DeleteObjects: 0.312900 ms)

Loading game from file USCSS Colony97 with mods:
  - brrainz.harmony
  - ilyvion.LoadingProgress
  - Ludeon.RimWorld
  - Ludeon.RimWorld.Royalty
  - Ludeon.RimWorld.Ideology
  - Ludeon.RimWorld.Biotech
  - Ludeon.RimWorld.Anomaly
  - Ludeon.RimWorld.Odyssey
  - RedMattis.BetterPrerequisites
  - UnlimitedHugs.HugsLib
  - telardo.BetterGeneGraphicsFramework
  - JintuziLamian.Gene.XenoCosmetic
  - Ogliss.AVPXenomorphs
  - Nals.FacialAnimation
  - Reel.FacialAnims
  - sd.fa.reelsadjustments
  - VanillaExpanded.VTEXE.FacialAnims
  - sd.fa.vteadjustments
  - LiterallyFree.ColonistReturnBuff
  - AndrewRaphaelLukasik.AllowDeadAnimals
  - adaptive.storage.framework
  - OskarPotocki.VanillaFactionsExpanded.Core
  - OskarPotocki.VFE.Empire
  - VanillaExpanded.VTEXE
  - cucumpear.azrael.varietycoats
  - Inglix.ApparelTaintedOnCorpseRot
  - zal.artifactsexpanded
  - Defi.AutoCutBlight
  - Mlie.AutopsyTable
  - falconne.AFF
  - Chaotic.BarelyBetterSpots
  - nephlite.advexplosions
  - RedMattis.BetterGeneInheritance
  - falconne.BWM
  - Owlchemist.FridgeUtilities
  - VanillaExpanded.VPsycastsE
  - dev.tobot.vpe.betterautocast
  - Daria40K.BigLittleModPatch
  - RedMattis.BiggerGravship
  - Mlie.BioReactor
  - Milkman.BiotechCosmeticGenesMM
  - Fuu.BloodAnimations
  - Darknote.BunkBeds
  - CrashM.ColorCodedMoodBar.11
  - brrainz.cameraplus
  - Aoba.CargoContainer.Waste
  - void.charactereditor
  - sarg.alphaanimals
  - IH.Clean.Textures
  - Cerule.CleaningAreaRelaunched
  - avilmask.CommonSense
  - Sea.ConsistentGeneInheritanceContinued
  - imranfish.xmlextensions
  - NuanKi.ControlledRituals
  - zal.covetheus.nohar
  - lts.CC
  - CaesarV6.DamageIndicators
  - killerbot.gtekdevilstrandsynthesis
  - Mlie.DifferentEggSizes
  - Woolyung.DoTheRitualsYourselves
  - telardo.DragSelect
  - Dubwise.DubsMintMenus
  - dubwise.dubsmintminimap
  - zeracronius.dynamictradeinterface
  - Mlie.EnemySelfPreservation
  - Erin.FluffyFauna
  - Erin.Hairredux
  - Romyashi.ExtractAnyPlant
  - azravos.factioncustomizer
  - Aelanna.FistNerf
  - vanillaracesexpanded.android
  - quartz.floorstoragetanks
  - bean.xeno.gnolls
  - Thumb.GoreMod
  - Telefonmast.GraphicsSettings
  - Kattalisk.GravEngineGivesPower
  - Kilo.CapVacHelm
  - Zaire82.HDHeadAttatchmentsForFacialAnimation
  - jkluch.HaulToStack
  - Tory.Icons.Historical
  - VanillaExpanded.VanillaAnimalsExpanded
  - zal.hyena
  - dev.soeur.imageopt
  - toxicyui.impactfulskills.modsupport
  - 400.ImpassableHChestUdeepHWater
  - Dragoon103.LARVA
  - Taveron.IncreasedStack
  - Aoba.Fortress.Industrial.Concrete
  - futurplanet.industrialconcretefloorpatch
  - Koth.ISiD
  - ASF.DeepStorage
  - costel.layeredapparel
  - Krafs.LevelUp
  - jecrell.doorsexpanded
  - Haplo.Miscellaneous.Robots
  - avius.locks
  - Mlie.LogAfterDefError
  - zal.majesticfoilageframework
  - zal.majesticcomigopack
  - zal.majesticcmt
  - plaxen.MalangBodies
  - m00nl1ght.MapPreview
  - Samael.NPCMechsAndAnimals
  - sumghai.Medpod
  - co.uk.epicguru.meleeanimation
  - notfood.MendAndRecycle
  - Cain.Mineshaft
  - erdelf.MinifyEverything
  - Hol.Words
  - mosi.MoreMiniHorns
  - kirby.morereligiousorigins
  - Bichang.MoreSculpture
  - Jiopaba.Fences
  - tidal.morevanilla.textures
  - kenzej.multihunter
  - zal.musicmanager
  - zal.namesgalore
  - VitaKaninen.ShelfPatch
  - Doug.NoJobAuthors
  - godlyannihilator.novanillamusic
  - mrwireman.Noconduit
  - vera.bug
  - smallmine.HeavyShuttle
  - PackMulesExtended.Standard
  - komunre.BetterExp.PassiveResearch
  - Mlie.PawnNameVariety
  - ponpeco.PFSF
  - Mlie.PredatorHuntAlert
  - ocarina.prisonerjumpsuits
  - DawnsGlow.qualcolor
  - sdknm2.QualityOfBuilding
  - ratys.rtsolarflareshield
  - tk421storm.Ragdoll
  - Mlie.RealisticHumanSounds
  - Mlie.RelevantStatsInDescription
  - sirrandoo.rda
  - Memegoddess.ReplaceStuff
  - Aelanna.ResearchTabColors
  - LingLuo.Cockroach
  - Mlie.RimofMadnessArachnophobia
  - Keepercraft.RimKeeperAnimals
  - naft.rimmercenaries
  - aRandomKiwi.RimSaves
  - Sierra.RT.GeneralTraits
  - rimsenal.EVP
  - rimsenal.core
  - rimsenal.security
  - rimsenal.hair
  - Neronix17.Retexture.RimsenalRimhair
  - Mlie.RunAndHide
  - MemeGoddess.RunAndGun
  - sneezingseal.sealsbackstorycollection
  - MemeGoddess.SearchAndDestroy
  - avilmask.SelfDyeing
  - Arcjc007.ShieldGenerator
  - kathanon.ShowAllMaterials
  - BP.ShowBuildableMaterialCount
  - zal.simplefxshinies
  - automatic.traderships
  - VanillaExpanded.VCookE
  - OskarPotocki.VanillaFactionsExpanded.SettlersModule
  - VanillaExpanded.VFECore
  - VanillaExpanded.VFEProduction
  - Owlchemist.SimpleFX.Smoke2
  - Owlchemist.SimpleFX.Splashes
  - Atlas.SimpleFX.Vapor.Revaporized
  - vanillaracesexpanded.highmate
  - vanillaracesexpanded.pigskin
  - vanillaracesexpanded.sanguophage
  - buyue.SimpleTextureTweaks
  - PeteTimesSix.SimpleSidearms
  - Haecriver.SimplyMoreColors
  - Memegoddess.SmartMedicine
  - sarg.smartspeed
  - dhultgren.smarterconstruction
  - sirrandoo.msf
  - marvinkosh.sometimesraidsgowrong
  - cgf1.songsfortherim
  - Garwel.StartingTechLevel
  - balistafreak.StopDropAndRoll
  - sakama.StorytellerHair
  - moistestWhale.stuffOnTablesForked
  - MemeGoddess.TDPack
  - Memegoddess.TDSBugFixes
  - Xale86.TacticalChargeWeapons
  - void.terraformrimworld
  - TheEverythingPackLegoBoi.Ideo.IconsandSymbols
  - zmysk.The.Fire.Rises.In.Rim.Music.Channel.In.Chaos.World
  - Febvre.TheOrientalMusicPack.ContinuedVersion
  - GT.Sam.TilledSoil
  - Propickelz.TinkerBench
  - RedMattis.BigSmall.Core
  - RedMattis.MoreXenos
  - Aoba.Tent
  - rimsenal.federation
  - VanillaExpanded.VARME
  - VanillaExpanded.VBrewE
  - OskarPotocki.VFE.Deserters
  - VanillaExpanded.VWE
  - OskarPotocki.VFE.Pirates
  - OskarPotocki.VFE.Tribals
  - VanillaExpanded.VFESpacer
  - Spino.Megafauna
  - VanillaExpanded.VGeneticsE
  - VanillaExpanded.VBooksE
  - VanillaExpanded.VMemesE
  - VanillaExpanded.VanillaSocialInteractionsExpanded
  - VanillaExpanded.VanillaTraitsExpanded
  - SmashPhil.VehicleFramework
  - OskarPotocki.VanillaVehiclesExpanded
  - VanillaExpanded.VWEG
  - Wara.toomanymods
  - CarnySenpai.TraitRarityColors
  - UNAGI.apparel.B.Zibunyou
  - Mlie.UseThisInstead
  - VanillaExpanded.VAEEndAndExt
  - VanillaExpanded.VAERoy
  - VanillaExpanded.VAEWaste
  - VanillaExpanded.VAPPE
  - VanillaExpanded.VAEAccessories
  - VanillaExpanded.VanillaBackstoriesExpanded
  - VanillaExpanded.BaseGeneration
  - Neronix17.Retexture.VanillaBeards
  - VanillaExpanded.VEE
  - VanillaExpanded.VFEMedical
  - VanillaExpanded.VHE
  - Neronix17.Retexture.VanillaHair
  - VanillaExpanded.VIEHAR
  - VanillaExpanded.Ideo.IconsandSymbols
  - VanillaExpanded.Ideo.RelicsAndArtifacts
  - VanillaExpanded.Ideo.SophianStyle
  - vanillaexpanded.outposts
  - vanillaracesexpanded.customicons
  - Jaxe.RimHUD
  - vanillaexpanded.skills
  - VanillaExpanded.Temperature
  - OskarPotocki.VanillaVehiclesExpandedUpgrades
  - VanillaExpanded.VWEBF
  - VanillaExpanded.VWEC
  - VanillaExpanded.VWENL
  - VanillaExpanded.VWEQ
  - tro.vwe.overhaul
  - kongkim.VanillaPackedDirt
  - Mlie.VariousSpaceShipChunk
  - NuanKi.LocalFlight
  - OskarPotocki.VanillaVehiclesExpandedTier3
  - Explorern11.VehiclesWrecksExpanded
  - VehiclesWrecksExpanded.Revisited
  - co.uk.epicguru.whatsthatmod
  - MemeGoddess.GiddyUp
  - automatic.gunplay
  - com.yayo.yayoAni.continued
  - seohyeon.yart
  - Arylice.Rimworld.AutomaticHunting
  - Nera.SpawnThoseGenes
  - zal.eyeprosthetics
  - UnlimitedHugs.AllowTool
  - Orion.Hospitality
  - Mehni.PickUpAndHaul
  - weilbyte.snapout
  - VanillaExpanded.VFESecurity
  - FrozenSnowFox.ComplexJobs
  - FrozenSnowFox.FilthVanishesWithRainAndTime
  - LazyFridayStudio.GenesExpandedHair
  - LazyFridayStudio.GenesExpandedHeads
  - LazyFridayStudio.GenesExpandedHorns
  - tradingpost.programmerlily.com
  - RH2.BCDs.First.Aid
  - SR.ModRimworld.FactionalWarContinued
  - SR.ModRimworld.RaidExtension
  - XeoNovaDan.VisiblePants
  - sbz.GravshipStorage
Could not resolve reference to object with loadID Thing_Human57006 of type Verse.Pawn. Was it compressed away, destroyed, had no ID number, or not saved/loaded right? curParent=RimWorld.RelationshipRecord curPathRelToParent=/references
Could not resolve reference to object with loadID Thing_Human57006 of type Verse.Pawn. Was it compressed away, destroyed, had no ID number, or not saved/loaded right? curParent=RimWorld.RelationshipRecord curPathRelToParent=/references
Could not resolve reference to object with loadID Thing_Human57092 of type Verse.Pawn. Was it compressed away, destroyed, had no ID number, or not saved/loaded right? curParent=RimWorld.RelationshipRecord curPathRelToParent=/references
Could not resolve reference to object with loadID Thing_Human57064 of type Verse.Pawn. Was it compressed away, destroyed, had no ID number, or not saved/loaded right? curParent=VanillaTraitsExpanded.TraitsManager curPathRelToParent=/wanderLustersWithLastMapExitedTick/keys
Null key while loading dictionary of Verse.Pawn and System.Int32. label=wanderLustersWithLastMapExitedTick
Could not resolve reference to object with loadID Thing_Human57076 of type Verse.Pawn. Was it compressed away, destroyed, had no ID number, or not saved/loaded right? curParent=RimWorld.DirectPawnRelation curPathRelToParent=
Could not resolve reference to object with loadID Thing_Human57050 of type Verse.Pawn. Was it compressed away, destroyed, had no ID number, or not saved/loaded right? curParent=RimWorld.DirectPawnRelation curPathRelToParent=
Could not resolve reference to object with loadID Thing_Human57118 of type Verse.Pawn. Was it compressed away, destroyed, had no ID number, or not saved/loaded right? curParent=RimWorld.DirectPawnRelation curPathRelToParent=
Could not resolve reference to object with loadID Thing_Human57045 of type Verse.Pawn. Was it compressed away, destroyed, had no ID number, or not saved/loaded right? curParent=RimWorld.DirectPawnRelation curPathRelToParent=
Could not resolve reference to object with loadID Thing_Human57064 of type Verse.Pawn. Was it compressed away, destroyed, had no ID number, or not saved/loaded right? curParent=RimWorld.DirectPawnRelation curPathRelToParent=
Could not resolve reference to object with loadID Thing_Human57000 of type Verse.Pawn. Was it compressed away, destroyed, had no ID number, or not saved/loaded right? curParent=RimWorld.DirectPawnRelation curPathRelToParent=
[RimMercenaries] Loaded save data: hasBeenInitialized=True, lastRefreshTick=0, mercenaries=17, tier1=10, tier2=5, tier3=2
Pawn Melisnina has relation "Lover" with null pawn after loading. This means that we forgot to serialize pawns somewhere (e.g. pawns from passing trade ships).
Pawn Kortikios has relation "Parent" with null pawn after loading. This means that we forgot to serialize pawns somewhere (e.g. pawns from passing trade ships).
Pawn Anna has relation "Parent" with null pawn after loading. This means that we forgot to serialize pawns somewhere (e.g. pawns from passing trade ships).
Pawn Panosmo has relation "Parent" with null pawn after loading. This means that we forgot to serialize pawns somewhere (e.g. pawns from passing trade ships).
Pawn Metkiome has relation "ExSpouse" with null pawn after loading. This means that we forgot to serialize pawns somewhere (e.g. pawns from passing trade ships).
Pawn Pelagia has relation "Parent" with null pawn after loading. This means that we forgot to serialize pawns somewhere (e.g. pawns from passing trade ships).
<color=#66ffb5>[MeleeAnim]</color> Loaded 0 animation renderers on map Map-0-PlayerHome
checking editor settings...
bodysizes genes are active
[RimMercenaries] FinalizeInit called for save. HasBeenInitialized: True
[Yayo's Animation] GC : animation data count [0 -> 0]
Unloading 1 Unused Serialized files (Serialized files now loaded: 16)
Unloading 0 unused Assets to reduce memory usage. Loaded Objects now: 69325.
Total: 960.536700 ms (FindLiveObjects: 3.402000 ms CreateObjectMapping: 4.364900 ms MarkObjects: 952.645200 ms  DeleteObjects: 0.124200 ms)

[AVP Xenomorphs] Filth_XenomorphSlime: 16 texture variants loaded
Arachnophobia :: Spider Biome Settings Adjusted :: Current Factor: 1
Wrote screenshot C:\Users\clint\AppData\LocalLow\Ludeon Studios\RimWorld by Ludeon Studios\RimSaves\Previews\USCSS Colony97.dat of size 116118
[Covetheus] Filth_WalterBlood: 8 texture variants loaded
[AVP Xenomorphs] Filth_XenomorphBlood: 16 texture variants loaded
[Yayo's Animation] GC : animation data count [37 -> 25]
Player wealth is 14152.32. Required (random) wealth to trigger Woman in blue is 94035.
Pawn Kerry<color=#999999FF>, Plagiarist</color> got primaryInt equipment WoodLog95580 while already having primaryInt equipment WoodLog95979
Tried to spawn Dead Pawn RRY_Xenomorph_Drone56730. Replacing with corpse.
Tried to spawn Dead Pawn Raelyn. Replacing with corpse.
Failed to find Verse.ThingDef named RRY_FacehuggerMask. There are 10910 defs of this type loaded.
RRY_Xenomorph_FaceHugger97058 issued IdleError wait job. The behavior tree should never get here.
Wrote screenshot C:\Users\clint\AppData\LocalLow\Ludeon Studios\RimWorld by Ludeon Studios\RimSaves\Previews\Autosave-2.dat of size 99963
AM.Events.AudioEvent must be instantiated using the ScriptableObject.CreateInstance method instead of new AudioEvent.
AM.Events.CamShakeEvent must be instantiated using the ScriptableObject.CreateInstance method instead of new CamShakeEvent.
AM.Events.ClashAudioEvent must be instantiated using the ScriptableObject.CreateInstance method instead of new ClashAudioEvent.
AM.Events.DamageEffectEvent must be instantiated using the ScriptableObject.CreateInstance method instead of new DamageEffectEvent.
AM.Events.DuelEvent must be instantiated using the ScriptableObject.CreateInstance method instead of new DuelEvent.
AM.Events.GoreSplashEvent must be instantiated using the ScriptableObject.CreateInstance method instead of new GoreSplashEvent.
AM.Events.KillPawnEvent must be instantiated using the ScriptableObject.CreateInstance method instead of new KillPawnEvent.
AM.Events.MoteEvent must be instantiated using the ScriptableObject.CreateInstance method instead of new MoteEvent.
AM.Events.PuntPawnEvent must be instantiated using the ScriptableObject.CreateInstance method instead of new PuntPawnEvent.
AM.Events.TextMoteEvent must be instantiated using the ScriptableObject.CreateInstance method instead of new TextMoteEvent.
AM.Events.TextMoteEvent must be instantiated using the ScriptableObject.CreateInstance method instead of new TextMoteEvent.
AM.Events.MoteEvent must be instantiated using the ScriptableObject.CreateInstance method instead of new MoteEvent.
AM.Events.DamageEffectEvent must be instantiated using the ScriptableObject.CreateInstance method instead of new DamageEffectEvent.
AM.Events.KillPawnEvent must be instantiated using the ScriptableObject.CreateInstance method instead of new KillPawnEvent.
<color=#66ffb5>[MeleeAnim]</color> Dealt 20.00 pts of dmg as part of injury to RRY_Xenomorph_Drone56731 (aimed to deal 30.00).
[Yayo's Animation] GC : animation data count [80 -> 48]
Failed to find Verse.ThingDef named RRY_FacehuggerMask. There are 10910 defs of this type loaded.
Failed to find Verse.ThingDef named RRY_FacehuggerMask. There are 10910 defs of this type loaded.
Created 1 new pawns for Exo Emporium.
Lord lost entire group. LordJob = LordJob_VisitColony
Wrote screenshot C:\Users\clint\AppData\LocalLow\Ludeon Studios\RimWorld by Ludeon Studios\RimSaves\Previews\Autosave-3.dat of size 88095
[Yayo's Animation] GC : animation data count [77 -> 43]
Tried 300 times to generate age for RRY_Xenomorph_Drone98350
Tried 300 times to generate age for RRY_Xenomorph_Drone98353
Wrote screenshot C:\Users\clint\AppData\LocalLow\Ludeon Studios\RimWorld by Ludeon Studios\RimSaves\Previews\Autosave-4.dat of size 72849
[Yayo's Animation] GC : animation data count [76 -> 44]
Tried to spawn Dead Pawn Kerry. Replacing with corpse.
Wrote screenshot C:\Users\clint\AppData\LocalLow\Ludeon Studios\RimWorld by Ludeon Studios\RimSaves\Previews\Autosave-5.dat of size 87651
Wrote screenshot C:\Users\clint\AppData\LocalLow\Ludeon Studios\RimWorld by Ludeon Studios\RimSaves\Previews\USCSS Colony98.dat of size 81937
Exception thrown from thread=1152.
System.Threading.ThreadAbortException: Thread was being aborted.
[Ref 54CF78B3]
(wrapper managed-to-native) System.Threading.Monitor.Monitor_wait(object,int)
  at System.Threading.Monitor.ObjWait (System.Boolean exitContext, System.Int32 millisecondsTimeout, System.Object obj) [0x0002f] in <51fded79cd284d4d911c5949aff4cb21>:0 
  at System.Threading.Monitor.Wait (System.Object obj, System.Int32 millisecondsTimeout, System.Boolean exitContext) [0x0000e] in <51fded79cd284d4d911c5949aff4cb21>:0 
  at System.Threading.Monitor.Wait (System.Object obj, System.Int32 millisecondsTimeout) [0x00000] in <51fded79cd284d4d911c5949aff4cb21>:0 
  at System.Threading.ManualResetEventSlim.Wait (System.Int32 millisecondsTimeout, System.Threading.CancellationToken cancellationToken) [0x00100] in <51fded79cd284d4d911c5949aff4cb21>:0 
  at System.Threading.ManualResetEventSlim.Wait () [0x00000] in <51fded79cd284d4d911c5949aff4cb21>:0 
  at SmashTools.Performance.DedicatedThread.Execute () [0x0000c] in C:\Program Files (x86)\Steam\steamapps\common\RimWorld\Mods\Vehicle-Framework\SmashTools\SmashTools\SmashTools\Performance\Multithreading\DedicatedThread.cs:168 
Memory Statistics:
[ALLOC_TEMP_TLS] TLS Allocator
  StackAllocators : 
    [ALLOC_TEMP_MAIN]
      Peak usage frame count: [0-1.0 KB]: 2583 frames, [1.0 KB-2.0 KB]: 48 frames, [2.0 KB-4.0 KB]: 60339 frames, [4.0 KB-8.0 KB]: 35454 frames, [8.0 KB-16.0 KB]: 2690 frames, [16.0 KB-32.0 KB]: 131 frames, [32.0 KB-64.0 KB]: 8 frames, [64.0 KB-128.0 KB]: 16 frames, [128.0 KB-256.0 KB]: 7 frames, [2.0 MB-4.0 MB]: 1 frames, [4.0 MB-8.0 MB]: 3 frames
      Initial Block Size 4.0 MB
      Current Block Size 8.0 MB
      Peak Allocated Bytes 8.0 MB
      Overflow Count 4
    [ALLOC_TEMP_Loading.AsyncRead]
      Initial Block Size 64.0 KB
      Current Block Size 108.0 KB
      Peak Allocated Bytes 104.3 KB
      Overflow Count 0
    [ALLOC_TEMP_Loading.PreloadManager]
      Initial Block Size 256.0 KB
      Current Block Size 256.0 KB
      Peak Allocated Bytes 3.8 KB
      Overflow Count 8
    [ALLOC_TEMP_Background Job.Worker 8]
      Initial Block Size 32.0 KB
      Current Block Size 32.0 KB
      Peak Allocated Bytes 54 B
      Overflow Count 0
    [ALLOC_TEMP_Job.Worker 6]
      Initial Block Size 256.0 KB
      Current Block Size 256.0 KB
      Peak Allocated Bytes 144 B
      Overflow Count 0
    [ALLOC_TEMP_Job.Worker 0]
      Initial Block Size 256.0 KB
      Current Block Size 256.0 KB
      Peak Allocated Bytes 160 B
      Overflow Count 0
    [ALLOC_TEMP_Background Job.Worker 10]
      Initial Block Size 32.0 KB
      Current Block Size 32.0 KB
      Peak Allocated Bytes 54 B
      Overflow Count 0
    [ALLOC_TEMP_Background Job.Worker 9]
      Initial Block Size 32.0 KB
      Current Block Size 32.0 KB
      Peak Allocated Bytes 54 B
      Overflow Count 0
    [ALLOC_TEMP_Job.Worker 5]
      Initial Block Size 256.0 KB
      Current Block Size 256.0 KB
      Peak Allocated Bytes 202 B
      Overflow Count 0
    [ALLOC_TEMP_Background Job.Worker 14]
      Initial Block Size 32.0 KB
      Current Block Size 32.0 KB
      Peak Allocated Bytes 54 B
      Overflow Count 0
    [ALLOC_TEMP_Background Job.Worker 6]
      Initial Block Size 32.0 KB
      Current Block Size 32.0 KB
      Peak Allocated Bytes 54 B
      Overflow Count 0
    [ALLOC_TEMP_Job.Worker 4]
      Initial Block Size 256.0 KB
      Current Block Size 256.0 KB
      Peak Allocated Bytes 144 B
      Overflow Count 0
    [ALLOC_TEMP_ReadCacheIndex]
      Initial Block Size 64.0 KB
      Current Block Size 64.0 KB
      Peak Allocated Bytes 0.6 KB
      Overflow Count 0
    [ALLOC_TEMP_Job.Worker 3]
      Initial Block Size 256.0 KB
      Current Block Size 256.0 KB
      Peak Allocated Bytes 160 B
      Overflow Count 0
    [ALLOC_TEMP_Background Job.Worker 12]
      Initial Block Size 32.0 KB
      Current Block Size 32.0 KB
      Peak Allocated Bytes 54 B
      Overflow Count 0
    [ALLOC_TEMP_EnlightenWorker] x 6
      Initial Block Size 64.0 KB
      Current Block Size 64.0 KB
      Peak Allocated Bytes 54 B
      Overflow Count 0
    [ALLOC_TEMP_Background Job.Worker 15]
      Initial Block Size 32.0 KB
      Current Block Size 32.0 KB
      Peak Allocated Bytes 54 B
      Overflow Count 0
    [ALLOC_TEMP_Background Job.Worker 1]
      Initial Block Size 32.0 KB
      Current Block Size 32.0 KB
      Peak Allocated Bytes 54 B
      Overflow Count 0
    [ALLOC_TEMP_Background Job.Worker 2]
      Initial Block Size 32.0 KB
      Current Block Size 32.0 KB
      Peak Allocated Bytes 0.9 KB
      Overflow Count 0
    [ALLOC_TEMP_Background Job.Worker 7]
      Initial Block Size 32.0 KB
      Current Block Size 32.0 KB
      Peak Allocated Bytes 54 B
      Overflow Count 0
    [ALLOC_TEMP_UnityGfxDeviceWorker]
      Initial Block Size 256.0 KB
      Current Block Size 256.0 KB
      Peak Allocated Bytes 10.3 KB
      Overflow Count 0
    [ALLOC_TEMP_AssetGarbageCollectorHelper] x 11
      Initial Block Size 64.0 KB
      Current Block Size 64.0 KB
      Peak Allocated Bytes 138 B
      Overflow Count 0
    [ALLOC_TEMP_Background Job.Worker 5]
      Initial Block Size 32.0 KB
      Current Block Size 32.0 KB
      Peak Allocated Bytes 54 B
      Overflow Count 0
    [ALLOC_TEMP_Job.Worker 9]
      Initial Block Size 256.0 KB
      Current Block Size 256.0 KB
      Peak Allocated Bytes 144 B
      Overflow Count 0
    [ALLOC_TEMP_Background Job.Worker 13]
      Initial Block Size 32.0 KB
      Current Block Size 32.0 KB
      Peak Allocated Bytes 54 B
      Overflow Count 0
    [ALLOC_TEMP_Job.Worker 8]
      Initial Block Size 256.0 KB
      Current Block Size 256.0 KB
      Peak Allocated Bytes 160 B
      Overflow Count 0
    [ALLOC_TEMP_Job.Worker 7]
      Initial Block Size 256.0 KB
      Current Block Size 256.0 KB
      Peak Allocated Bytes 160 B
      Overflow Count 0
    [ALLOC_TEMP_Job.Worker 1]
      Initial Block Size 256.0 KB
      Current Block Size 256.0 KB
      Peak Allocated Bytes 507 B
      Overflow Count 0
    [ALLOC_TEMP_Job.Worker 2]
      Initial Block Size 256.0 KB
      Current Block Size 256.0 KB
      Peak Allocated Bytes 480 B
      Overflow Count 0
    [ALLOC_TEMP_Background Job.Worker 3]
      Initial Block Size 32.0 KB
      Current Block Size 32.0 KB
      Peak Allocated Bytes 54 B
      Overflow Count 0
    [ALLOC_TEMP_Background Job.Worker 11]
      Initial Block Size 32.0 KB
      Current Block Size 32.0 KB
      Peak Allocated Bytes 54 B
      Overflow Count 0
    [ALLOC_TEMP_Job.Worker 10]
      Initial Block Size 256.0 KB
      Current Block Size 256.0 KB
      Peak Allocated Bytes 160 B
      Overflow Count 0
    [ALLOC_TEMP_Background Job.Worker 0]
      Initial Block Size 32.0 KB
      Current Block Size 32.0 KB
      Peak Allocated Bytes 54 B
      Overflow Count 0
    [ALLOC_TEMP_Background Job.Worker 4]
      Initial Block Size 32.0 KB
      Current Block Size 32.0 KB
      Peak Allocated Bytes 54 B
      Overflow Count 0
    [ALLOC_TEMP_BatchDeleteObjects]
      Initial Block Size 64.0 KB
      Current Block Size 64.0 KB
      Peak Allocated Bytes 54 B
      Overflow Count 0
[ALLOC_DEFAULT] Dual Thread Allocator
  Peak main deferred allocation count 48020
    [ALLOC_BUCKET]
      Large Block size 4.0 MB
      Used Block count 1
      Peak Allocated bytes 4.0 MB
      Failed Allocations. Bucket layout:
        16B: 5 Subsections = 5120 buckets. Failed count: 772668
        32B: 34 Subsections = 17408 buckets. Failed count: 2515609
        48B: 49 Subsections = 16725 buckets. Failed count: 549286
        64B: 40 Subsections = 10240 buckets. Failed count: 194963
        80B: 85 Subsections = 17408 buckets. Failed count: 465600
        96B: 27 Subsections = 4608 buckets. Failed count: 52810
        112B: 10 Subsections = 1462 buckets. Failed count: 120125
        128B: 6 Subsections = 768 buckets. Failed count: 72952
    [ALLOC_DEFAULT_MAIN]
      Peak usage frame count: [16.0 MB-32.0 MB]: 2800 frames, [32.0 MB-64.0 MB]: 185 frames, [64.0 MB-128.0 MB]: 96 frames, [128.0 MB-256.0 MB]: 1040 frames, [256.0 MB-0.50 GB]: 863 frames, [0.50 GB-1.00 GB]: 96296 frames
      Requested Block Size 16.0 MB
      Peak Block count 45
      Peak Allocated memory 0.72 GB
      Peak Large allocation bytes 159.2 MB
    [ALLOC_DEFAULT_THREAD]
      Peak usage frame count: [8.0 MB-16.0 MB]: 5392 frames, [16.0 MB-32.0 MB]: 3 frames, [32.0 MB-64.0 MB]: 17 frames, [64.0 MB-128.0 MB]: 217 frames, [128.0 MB-256.0 MB]: 95651 frames
      Requested Block Size 16.0 MB
      Peak Block count 7
      Peak Allocated memory 136.3 MB
      Peak Large allocation bytes 33.8 MB
[ALLOC_TEMP_JOB_1_FRAME]
  Initial Block Size 2.0 MB
  Used Block Count 0
  Overflow Count (too large) 0
  Overflow Count (full) 0
[ALLOC_TEMP_JOB_2_FRAMES]
  Initial Block Size 2.0 MB
  Used Block Count 0
  Overflow Count (too large) 0
  Overflow Count (full) 0
[ALLOC_TEMP_JOB_4_FRAMES (JobTemp)]
  Initial Block Size 2.0 MB
  Used Block Count 1
  Overflow Count (too large) 2
  Overflow Count (full) 0
[ALLOC_TEMP_JOB_ASYNC (Background)]
  Initial Block Size 1.0 MB
  Used Block Count 1
  Overflow Count (too large) 0
  Overflow Count (full) 0
[ALLOC_GFX] Dual Thread Allocator
  Peak main deferred allocation count 3282
    [ALLOC_BUCKET]
      Large Block size 4.0 MB
      Used Block count 1
      Peak Allocated bytes 4.0 MB
      Failed Allocations. Bucket layout:
        16B: 5 Subsections = 5120 buckets. Failed count: 772668
        32B: 34 Subsections = 17408 buckets. Failed count: 2515609
        48B: 49 Subsections = 16725 buckets. Failed count: 549286
        64B: 40 Subsections = 10240 buckets. Failed count: 194963
        80B: 85 Subsections = 17408 buckets. Failed count: 465600
        96B: 27 Subsections = 4608 buckets. Failed count: 52810
        112B: 10 Subsections = 1462 buckets. Failed count: 120125
        128B: 6 Subsections = 768 buckets. Failed count: 72952
    [ALLOC_GFX_MAIN]
      Peak usage frame count: [128.0 KB-256.0 KB]: 1 frames, [2.0 MB-4.0 MB]: 3113 frames, [4.0 MB-8.0 MB]: 1926 frames, [8.0 MB-16.0 MB]: 144 frames, [16.0 MB-32.0 MB]: 88 frames, [32.0 MB-64.0 MB]: 343 frames, [64.0 MB-128.0 MB]: 95658 frames, [256.0 MB-0.50 GB]: 1 frames, [0.50 GB-1.00 GB]: 5 frames, [2.00 GB-4.00 GB]: 1 frames
      Requested Block Size 16.0 MB
      Peak Block count 46
      Peak Allocated memory 2.10 GB
      Peak Large allocation bytes 1.43 GB
    [ALLOC_GFX_THREAD]
      Peak usage frame count: [0-1.0 KB]: 2560 frames, [1.0 KB-2.0 KB]: 2625 frames, [2.0 KB-4.0 KB]: 6 frames, [4.0 KB-8.0 KB]: 17 frames, [8.0 KB-16.0 KB]: 72 frames, [16.0 KB-32.0 KB]: 349 frames, [32.0 KB-64.0 KB]: 155 frames, [64.0 KB-128.0 KB]: 703 frames, [128.0 KB-256.0 KB]: 610 frames, [256.0 KB-0.5 MB]: 51846 frames, [0.5 MB-1.0 MB]: 42337 frames
      Requested Block Size 16.0 MB
      Peak Block count 1
      Peak Allocated memory 0.8 MB
      Peak Large allocation bytes 0 B
[ALLOC_CACHEOBJECTS] Dual Thread Allocator
  Peak main deferred allocation count 527
    [ALLOC_BUCKET]
      Large Block size 4.0 MB
      Used Block count 1
      Peak Allocated bytes 4.0 MB
      Failed Allocations. Bucket layout:
        16B: 5 Subsections = 5120 buckets. Failed count: 772668
        32B: 34 Subsections = 17408 buckets. Failed count: 2515609
        48B: 49 Subsections = 16725 buckets. Failed count: 549286
        64B: 40 Subsections = 10240 buckets. Failed count: 194963
        80B: 85 Subsections = 17408 buckets. Failed count: 465600
        96B: 27 Subsections = 4608 buckets. Failed count: 52810
        112B: 10 Subsections = 1462 buckets. Failed count: 120125
        128B: 6 Subsections = 768 buckets. Failed count: 72952
    [ALLOC_CACHEOBJECTS_MAIN]
      Peak usage frame count: [4.0 MB-8.0 MB]: 1 frames, [8.0 MB-16.0 MB]: 4937 frames, [16.0 MB-32.0 MB]: 96342 frames
      Requested Block Size 4.0 MB
      Peak Block count 6
      Peak Allocated memory 19.1 MB
      Peak Large allocation bytes 0 B
    [ALLOC_CACHEOBJECTS_THREAD]
      Peak usage frame count: [4.0 KB-8.0 KB]: 4883 frames, [32.0 KB-64.0 KB]: 1 frames, [64.0 KB-128.0 KB]: 17 frames, [128.0 KB-256.0 KB]: 10 frames, [256.0 KB-0.5 MB]: 96317 frames, [0.5 MB-1.0 MB]: 52 frames
      Requested Block Size 4.0 MB
      Peak Block count 1
      Peak Allocated memory 0.7 MB
      Peak Large allocation bytes 0 B
[ALLOC_TYPETREE] Dual Thread Allocator
  Peak main deferred allocation count 0
    [ALLOC_BUCKET]
      Large Block size 4.0 MB
      Used Block count 1
      Peak Allocated bytes 4.0 MB
      Failed Allocations. Bucket layout:
        16B: 5 Subsections = 5120 buckets. Failed count: 772668
        32B: 34 Subsections = 17408 buckets. Failed count: 2515609
        48B: 49 Subsections = 16725 buckets. Failed count: 549286
        64B: 40 Subsections = 10240 buckets. Failed count: 194963
        80B: 85 Subsections = 17408 buckets. Failed count: 465600
        96B: 27 Subsections = 4608 buckets. Failed count: 52810
        112B: 10 Subsections = 1462 buckets. Failed count: 120125
        128B: 6 Subsections = 768 buckets. Failed count: 72952
    [ALLOC_TYPETREE_MAIN]
      Peak usage frame count: [4.0 KB-8.0 KB]: 1 frames, [8.0 KB-16.0 KB]: 2734 frames, [16.0 KB-32.0 KB]: 24 frames, [32.0 KB-64.0 KB]: 16 frames, [128.0 KB-256.0 KB]: 1600 frames, [256.0 KB-0.5 MB]: 574 frames, [0.5 MB-1.0 MB]: 96331 frames
      Requested Block Size 2.0 MB
      Peak Block count 1
      Peak Allocated memory 0.7 MB
      Peak Large allocation bytes 0 B
    [ALLOC_TYPETREE_THREAD]
      Peak usage frame count: [0-1.0 KB]: 101280 frames
      Requested Block Size 2.0 MB
      Peak Block count 0
      Peak Allocated memory 0 B
      Peak Large allocation bytes 0 B
